nohup: ignoring input
预计算 v3: 2026-03-02 → 2026-06-17 (76 天) | factors | workers=4
  [2026-03-16] 开始...
  [2026-03-02] 开始...
  [2026-03-09] 开始...
  [2026-03-23] 开始...
  factor: 100/5185
  factor: 100/5185
  factor: 100/5185
  factor: 100/5177
  factor: 200/5185
  factor: 200/5185
  factor: 200/5185
  factor: 300/5185
  factor: 300/5185
  factor: 300/5185
  factor: 200/5177
  factor: 400/5185
  factor: 400/5185
  factor: 400/5185
  factor: 500/5185
  factor: 500/5185
  factor: 500/5185
  factor: 300/5177
  factor: 600/5185
  factor: 600/5185
  factor: 600/5185
  factor: 700/5185
  factor: 700/5185
  factor: 700/5185
  factor: 400/5177
  factor: 800/5185
  factor: 800/5185
  factor: 800/5185
  factor: 500/5177
  factor: 900/5185
  factor: 900/5185
  factor: 900/5185
  factor: 1000/5185
  factor: 1000/5185
  factor: 1000/5185
  factor: 600/5177
  factor: 1100/5185
  factor: 1100/5185
  factor: 1100/5185
  factor: 1200/5185
  factor: 1200/5185
  factor: 1200/5185
  factor: 700/5177
  factor: 1300/5185
  factor: 1300/5185
  factor: 1300/5185
  factor: 1400/5185
  factor: 1400/5185
  factor: 1400/5185
  factor: 800/5177
  factor: 1500/5185
  factor: 1500/5185
  factor: 1500/5185
  factor: 900/5177
  factor: 1600/5185
  factor: 1600/5185
  factor: 1600/5185
  factor: 1700/5185
  factor: 1700/5185
  factor: 1700/5185
  factor: 1000/5177
  factor: 1800/5185
  factor: 1800/5185
  factor: 1800/5185
  factor: 1900/5185
  factor: 1900/5185
  factor: 1900/5185
  factor: 1100/5177
  factor: 2000/5185
  factor: 2000/5185
  factor: 2000/5185
  factor: 2100/5185
  factor: 2100/5185
  factor: 2100/5185
  factor: 1200/5177
  factor: 2200/5185
  factor: 2200/5185
  factor: 2200/5185
  factor: 1300/5177
  factor: 2300/5185
  factor: 2300/5185
  factor: 2300/5185
  factor: 2400/5185
  factor: 2400/5185
  factor: 2400/5185
  factor: 1400/5177
  factor: 2500/5185
  factor: 2500/5185
  factor: 2500/5185
  factor: 2600/5185
  factor: 2600/5185
  factor: 2600/5185
  factor: 1500/5177
  factor: 2700/5185
  factor: 2700/5185
  factor: 2700/5185
  factor: 2800/5185
  factor: 2800/5185
  factor: 2800/5185
  factor: 1600/5177
  factor: 2900/5185
  factor: 2900/5185
  factor: 2900/5185
  factor: 1700/5177
  factor: 3000/5185
  factor: 3000/5185
  factor: 3000/5185
  factor: 3100/5185
  factor: 3100/5185
  factor: 3100/5185
  factor: 1800/5177
  factor: 3200/5185
  factor: 3200/5185
  factor: 3200/5185
  factor: 3300/5185
  factor: 3300/5185
  factor: 3300/5185
  factor: 1900/5177
  factor: 3400/5185
  factor: 3400/5185
  factor: 3400/5185
  factor: 3500/5185
  factor: 3500/5185
  factor: 3500/5185
  factor: 2000/5177
  factor: 3600/5185
  factor: 3600/5185
  factor: 3600/5185
  factor: 2100/5177
  factor: 3700/5185
  factor: 3700/5185
  factor: 3700/5185
  factor: 3800/5185
  factor: 3800/5185
  factor: 3800/5185
  factor: 2200/5177
  factor: 3900/5185
  factor: 3900/5185
  factor: 3900/5185
  factor: 4000/5185
  factor: 4000/5185
  factor: 4000/5185
  factor: 2300/5177
  factor: 4100/5185
  factor: 4100/5185
  factor: 4100/5185
  factor: 4200/5185
  factor: 4200/5185
  factor: 4200/5185
  factor: 2400/5177
  factor: 4300/5185
  factor: 4300/5185
  factor: 4300/5185
  factor: 2500/5177
  factor: 4400/5185
  factor: 4400/5185
  factor: 4400/5185
  factor: 4500/5185
  factor: 4500/5185
  factor: 4500/5185
  factor: 2600/5177
  factor: 4600/5185
  factor: 4600/5185
  factor: 4600/5185
  factor: 4700/5185
  factor: 4700/5185
  factor: 4700/5185
  factor: 2700/5177
  factor: 4800/5185
  factor: 4800/5185
  factor: 4800/5185
  factor: 2800/5177
  factor: 4900/5185
  factor: 4900/5185
  factor: 4900/5185
  factor: 5000/5185
  factor: 5000/5185
  factor: 5000/5185
  2026-03-09: meta=0 trend=0 factor=5053 (5185 候选, 349s)
  [2026-03-10] 开始...
  2026-03-16: meta=0 trend=0 factor=5055 (5185 候选, 349s)
  [2026-03-17] 开始...
  2026-03-23: meta=0 trend=0 factor=5054 (5185 候选, 349s)
  [2026-03-24] 开始...
  factor: 2900/5177
  factor: 100/5183  factor: 100/5182

  factor: 100/5183
  factor: 3000/5177
  factor: 200/5183
  factor: 200/5182
  factor: 200/5183
  factor: 300/5183
  factor: 300/5182
  factor: 300/5183
  factor: 3100/5177
  factor: 400/5183
  factor: 400/5183
  factor: 400/5182
  factor: 3200/5177
  factor: 500/5183
  factor: 500/5183
  factor: 500/5182
  factor: 600/5183
  factor: 600/5183
  factor: 600/5182
  factor: 3300/5177
  factor: 700/5183
  factor: 700/5183
  factor: 700/5182
  factor: 800/5183
  factor: 800/5183
  factor: 800/5182
  factor: 3400/5177
  factor: 900/5183
  factor: 900/5183
  factor: 900/5182
  factor: 3500/5177
  factor: 1000/5183
  factor: 1000/5183
  factor: 1000/5182
  factor: 1100/5183
  factor: 1100/5182
  factor: 1100/5183
  factor: 3600/5177
  factor: 1200/5183
  factor: 1200/5182
  factor: 1200/5183
  factor: 1300/5183
  factor: 1300/5182
  factor: 1300/5183
  factor: 3700/5177
  factor: 1400/5183
  factor: 1400/5182
  factor: 1400/5183
  factor: 3800/5177
  factor: 1500/5183
  factor: 1500/5182
  factor: 1500/5183
  factor: 1600/5183
  factor: 1600/5182
  factor: 1600/5183
  factor: 3900/5177
  factor: 1700/5183
  factor: 1700/5182
  factor: 1700/5183
  factor: 1800/5182
  factor: 1800/5183
  factor: 1800/5183
  factor: 4000/5177
  factor: 1900/5182
  factor: 1900/5183
  factor: 1900/5183
  factor: 4100/5177
  factor: 2000/5182
  factor: 2000/5183
  factor: 2000/5183
  factor: 2100/5182
  factor: 2100/5183
  factor: 2100/5183
  factor: 4200/5177
  factor: 2200/5182
  factor: 2200/5183
  factor: 2200/5183
  factor: 2300/5182
  factor: 2300/5183
  factor: 2300/5183
  factor: 4300/5177
  factor: 2400/5182
  factor: 2400/5183
  factor: 2400/5183
  factor: 4400/5177
  factor: 2500/5182
  factor: 2500/5183
  factor: 2500/5183
  factor: 2600/5182
  factor: 2600/5183
  factor: 2600/5183
  factor: 4500/5177
  factor: 2700/5182
  factor: 2700/5183
  factor: 2700/5183
  factor: 2800/5182
  factor: 2800/5183
  factor: 2800/5183
  factor: 4600/5177
  factor: 2900/5182
  factor: 2900/5183
  factor: 2900/5183
  factor: 4700/5177
  factor: 3000/5182
  factor: 3000/5183
  factor: 3000/5183
  factor: 3100/5182
  factor: 3100/5183
  factor: 3100/5183
  factor: 4800/5177
  factor: 3200/5182
  factor: 3200/5183
  factor: 3200/5183
  factor: 3300/5182
  factor: 3300/5183
  factor: 3300/5183
  factor: 4900/5177
  factor: 3400/5182
  factor: 3400/5183
  factor: 3400/5183
  factor: 5000/5177
  factor: 3500/5182
  factor: 3500/5183
  factor: 3500/5183
  2026-03-02: meta=0 trend=0 factor=5047 (5177 候选, 611s)
  [2026-03-03] 开始...
  factor: 3600/5182
  factor: 3600/5183
  factor: 3600/5183
  factor: 100/5179
  factor: 3700/5182
  factor: 3700/5183
  factor: 3700/5183
  factor: 200/5179
  factor: 3800/5182
  factor: 3800/5183
  factor: 3800/5183
  factor: 300/5179
  factor: 3900/5182
  factor: 3900/5183
  factor: 3900/5183
  factor: 400/5179
  factor: 4000/5182
  factor: 4000/5183
  factor: 4000/5183
  factor: 500/5179
  factor: 4100/5182
  factor: 4100/5183
  factor: 4100/5183
  factor: 600/5179
  factor: 4200/5182
  factor: 4200/5183
  factor: 4200/5183
  factor: 700/5179
  factor: 4300/5182
  factor: 4300/5183
  factor: 4300/5183
  factor: 800/5179
  factor: 4400/5182
  factor: 4400/5183
  factor: 4400/5183
  factor: 900/5179
  factor: 4500/5182
  factor: 4500/5183
  factor: 4500/5183
  factor: 1000/5179
  factor: 4600/5182
  factor: 4600/5183
  factor: 4600/5183
  factor: 1100/5179
  factor: 4700/5182
  factor: 4700/5183
  factor: 4700/5183
  factor: 1200/5179
  factor: 4800/5182
  factor: 4800/5183
  factor: 4800/5183
  factor: 1300/5179
  factor: 4900/5182
  factor: 4900/5183
  factor: 4900/5183
  factor: 1400/5179
  factor: 5000/5182
  factor: 5000/5183
  factor: 5000/5183
  factor: 1500/5179
  2026-03-17: meta=0 trend=0 factor=5052 (5182 候选, 373s)
  [2026-03-18] 开始...
  2026-03-10: meta=0 trend=0 factor=5051 (5183 候选, 373s)
  [2026-03-11] 开始...
  2026-03-24: meta=0 trend=0 factor=5051 (5183 候选, 373s)
  [2026-03-25] 开始...
  factor: 1600/5179
  factor: 100/5182
  factor: 100/5186
  factor: 100/5184
  factor: 1700/5179
  factor: 200/5182
  factor: 200/5186
  factor: 200/5184
  factor: 1800/5179
  factor: 300/5182
  factor: 300/5186
  factor: 300/5184
  factor: 1900/5179
  factor: 400/5182
  factor: 400/5186
  factor: 2000/5179
  factor: 400/5184
  factor: 2100/5179
  factor: 500/5182
  factor: 500/5186
  factor: 500/5184
  factor: 2200/5179
  factor: 600/5182
  factor: 600/5186
  factor: 600/5184
  factor: 2300/5179
  factor: 700/5182
  factor: 700/5186
  factor: 700/5184
  factor: 2400/5179
  factor: 800/5182
  factor: 800/5184
  factor: 800/5186
  factor: 2500/5179
  factor: 900/5182
  factor: 900/5184
  factor: 900/5186
  factor: 2600/5179
  factor: 1000/5182
  factor: 1000/5184
  factor: 1000/5186
  factor: 2700/5179
  factor: 1100/5182
  factor: 1100/5184
  factor: 1100/5186
  factor: 2800/5179
  factor: 1200/5182
  factor: 1200/5184
  factor: 1200/5186
  factor: 2900/5179
  factor: 1300/5182
  factor: 1300/5184
  factor: 1300/5186
  factor: 3000/5179
  factor: 1400/5182
  factor: 1400/5184
  factor: 1400/5186
  factor: 3100/5179
  factor: 1500/5182
  factor: 1500/5184
  factor: 1500/5186
  factor: 3200/5179
  factor: 1600/5182
  factor: 1600/5184
  factor: 1600/5186
  factor: 3300/5179
  factor: 1700/5182
  factor: 1700/5184
  factor: 1700/5186
  factor: 3400/5179
  factor: 1800/5182
  factor: 1800/5184
  factor: 1800/5186
  factor: 3500/5179
  factor: 1900/5182
  factor: 1900/5184
  factor: 1900/5186
  factor: 3600/5179
  factor: 2000/5182
  factor: 2000/5184
  factor: 2000/5186
  factor: 3700/5179
  factor: 2100/5182
  factor: 2100/5184
  factor: 2100/5186
  factor: 3800/5179
  factor: 2200/5182
  factor: 3900/5179
  factor: 2200/5184
  factor: 2200/5186
  factor: 4000/5179
  factor: 2300/5182
  factor: 2300/5186
  factor: 2300/5184
  factor: 4100/5179
  factor: 2400/5182
  factor: 2400/5186
  factor: 2400/5184
  factor: 4200/5179
  factor: 2500/5182
  factor: 2500/5186
  factor: 2500/5184
  factor: 4300/5179
  factor: 2600/5182
  factor: 2600/5186
  factor: 2600/5184
  factor: 4400/5179
  factor: 2700/5182
  factor: 2700/5186
  factor: 2700/5184
  factor: 4500/5179
  factor: 2800/5182
  factor: 2800/5186
  factor: 2800/5184
  factor: 4600/5179
  factor: 2900/5182
  factor: 2900/5186
  factor: 2900/5184
  factor: 4700/5179
  factor: 3000/5182
  factor: 3000/5186
  factor: 3000/5184
  factor: 4800/5179
  factor: 3100/5182
  factor: 3100/5186
  factor: 3100/5184
  factor: 4900/5179
  factor: 3200/5182
  factor: 3200/5186
  factor: 3200/5184
  factor: 5000/5179
  2026-03-03: meta=0 trend=0 factor=5048 (5179 候选, 367s)
  [2026-03-04] 开始...
  factor: 3300/5182
  factor: 3300/5186
  factor: 3300/5184
  factor: 3400/5182
  factor: 3400/5186
  factor: 3400/5184
  factor: 100/5180
  factor: 3500/5182
  factor: 3500/5186
  factor: 3500/5184
  factor: 200/5180
  factor: 3600/5182
  factor: 3600/5186
  factor: 3600/5184
  factor: 300/5180
  factor: 3700/5182
  factor: 3700/5186
  factor: 400/5180
  factor: 3700/5184
  factor: 500/5180
  factor: 3800/5182
  factor: 3800/5186
  factor: 3800/5184
  factor: 600/5180
  factor: 3900/5182
  factor: 3900/5186
  factor: 3900/5184
  factor: 700/5180
  factor: 4000/5186
  factor: 4000/5182
  factor: 4000/5184
  factor: 800/5180
  factor: 4100/5186
  factor: 4100/5182
  factor: 4100/5184
  factor: 900/5180
  factor: 4200/5186
  factor: 4200/5182
  factor: 4200/5184
  factor: 1000/5180
  factor: 4300/5186
  factor: 4300/5182
  factor: 4300/5184
  factor: 1100/5180
  factor: 4400/5186
  factor: 4400/5182
  factor: 4400/5184
  factor: 1200/5180
  factor: 4500/5186
  factor: 4500/5182
  factor: 4500/5184
  factor: 1300/5180
  factor: 4600/5186
  factor: 4600/5182
  factor: 4600/5184
  factor: 1400/5180
  factor: 4700/5186
  factor: 4700/5182
  factor: 4700/5184
  factor: 1500/5180
  factor: 4800/5186
  factor: 4800/5182
  factor: 4800/5184
  factor: 1600/5180
  factor: 4900/5186
  factor: 4900/5182
  factor: 4900/5184
  factor: 1700/5180
  factor: 5000/5186
  factor: 5000/5182
  factor: 5000/5184
  factor: 1800/5180
  2026-03-11: meta=0 trend=0 factor=5054 (5186 候选, 395s)
  [2026-03-12] 开始...
  2026-03-18: meta=0 trend=0 factor=5052 (5182 候选, 395s)
  [2026-03-19] 开始...
  2026-03-25: meta=0 trend=0 factor=5052 (5184 候选, 395s)
  [2026-03-26] 开始...
  factor: 1900/5180
  factor: 100/5186
  factor: 100/5182
  factor: 100/5183
  factor: 2000/5180
  factor: 200/5186
  factor: 200/5182
  factor: 200/5183
  factor: 2100/5180
  factor: 300/5186
  factor: 300/5182
  factor: 300/5183
  factor: 2200/5180
  factor: 400/5186
  factor: 400/5182
  factor: 400/5183
  factor: 2300/5180
  factor: 500/5186
  factor: 500/5182
  factor: 2400/5180
  factor: 500/5183
  factor: 600/5186
  factor: 600/5182
  factor: 2500/5180
  factor: 600/5183
  factor: 700/5186
  factor: 700/5182
  factor: 2600/5180
  factor: 700/5183
  factor: 2700/5180
  factor: 800/5186
  factor: 800/5182
  factor: 800/5183
  factor: 2800/5180
  factor: 900/5186
  factor: 900/5182
  factor: 900/5183
  factor: 2900/5180
  factor: 1000/5186
  factor: 1000/5182
  factor: 1000/5183
  factor: 3000/5180
  factor: 1100/5186
  factor: 1100/5182
  factor: 1100/5183
  factor: 3100/5180
  factor: 1200/5186
  factor: 1200/5182
  factor: 1200/5183
  factor: 3200/5180
  factor: 1300/5186
  factor: 1300/5182
  factor: 1300/5183
  factor: 3300/5180
  factor: 1400/5186
  factor: 1400/5182
  factor: 1400/5183
  factor: 3400/5180
  factor: 1500/5186
  factor: 1500/5182
  factor: 1500/5183
  factor: 3500/5180
  factor: 1600/5182
  factor: 1600/5186
  factor: 1600/5183
  factor: 3600/5180
  factor: 1700/5182
  factor: 1700/5186
  factor: 1700/5183
  factor: 3700/5180
  factor: 1800/5182
  factor: 1800/5186
  factor: 1800/5183
  factor: 3800/5180
  factor: 1900/5182
  factor: 1900/5186
  factor: 1900/5183
  factor: 3900/5180
  factor: 2000/5182
  factor: 2000/5186
  factor: 2000/5183
  factor: 4000/5180
  factor: 2100/5182
  factor: 2100/5186
  factor: 2100/5183
  factor: 4100/5180
  factor: 2200/5182
  factor: 2200/5186
  factor: 2200/5183
  factor: 4200/5180
  factor: 2300/5182
  factor: 2300/5186
  factor: 4300/5180
  factor: 2300/5183
  factor: 2400/5182
  factor: 2400/5186
  factor: 4400/5180
  factor: 2400/5183
  factor: 2500/5182
  factor: 2500/5186
  factor: 4500/5180
  factor: 2500/5183
  factor: 2600/5186  factor: 2600/5182

  factor: 4600/5180
  factor: 2600/5183
  factor: 4700/5180
  factor: 2700/5182
  factor: 2700/5186
  factor: 2700/5183
  factor: 4800/5180
  factor: 2800/5186
  factor: 2800/5182
  factor: 2800/5183
  factor: 4900/5180
  factor: 2900/5186
  factor: 2900/5182
  factor: 2900/5183
  factor: 5000/5180
  factor: 3000/5186
  factor: 3000/5182
  factor: 3000/5183
  2026-03-04: meta=0 trend=0 factor=5048 (5180 候选, 389s)
  [2026-03-05] 开始...
  factor: 3100/5186
  factor: 3100/5182
  factor: 3100/5183
  factor: 100/5181
  factor: 3200/5186
  factor: 3200/5182
  factor: 3200/5183
  factor: 200/5181
  factor: 3300/5186
  factor: 3300/5182
  factor: 3300/5183
  factor: 300/5181
  factor: 3400/5186
  factor: 3400/5182
  factor: 3400/5183
  factor: 400/5181
  factor: 3500/5186
  factor: 3500/5182
  factor: 3500/5183
  factor: 500/5181
  factor: 3600/5186
  factor: 3600/5182
  factor: 3600/5183
  factor: 600/5181
  factor: 3700/5186
  factor: 3700/5182
  factor: 3700/5183
  factor: 700/5181
  factor: 3800/5186
  factor: 3800/5182
  factor: 3800/5183
  factor: 800/5181
  factor: 3900/5186
  factor: 3900/5182
  factor: 3900/5183
  factor: 900/5181
  factor: 4000/5186
  factor: 4000/5182
  factor: 4000/5183
  factor: 1000/5181
  factor: 4100/5186
  factor: 4100/5182
  factor: 1100/5181
  factor: 4100/5183
  factor: 4200/5186
  factor: 4200/5182
  factor: 1200/5181
  factor: 4200/5183
  factor: 4300/5186
  factor: 1300/5181
  factor: 4300/5182
  factor: 4300/5183
  factor: 4400/5186
  factor: 1400/5181
  factor: 4400/5182
  factor: 4400/5183
  factor: 1500/5181
  factor: 4500/5186
  factor: 4500/5182
  factor: 4500/5183
  factor: 1600/5181
  factor: 4600/5186
  factor: 4600/5182
  factor: 4600/5183
  factor: 1700/5181
  factor: 4700/5186
  factor: 4700/5182
  factor: 4700/5183
  factor: 1800/5181
  factor: 4800/5186
  factor: 4800/5182
  factor: 4800/5183
  factor: 1900/5181
  factor: 4900/5186
  factor: 4900/5182
  factor: 4900/5183
  factor: 2000/5181
  factor: 5000/5186
  factor: 5000/5182
  factor: 5000/5183
  2026-03-12: meta=0 trend=0 factor=5054 (5186 候选, 422s)
  [2026-03-13] 开始...
  2026-03-19: meta=0 trend=0 factor=5052 (5182 候选, 422s)
  [2026-03-20] 开始...
  2026-03-26: meta=0 trend=0 factor=5051 (5183 候选, 422s)
  [2026-03-27] 开始...
  factor: 2100/5181
  factor: 2200/5181
  factor: 100/5185
  factor: 100/5183
  factor: 100/5179
  factor: 2300/5181
  factor: 200/5185
  factor: 200/5183
  factor: 200/5179
  factor: 2400/5181
  factor: 300/5185
  factor: 300/5183
  factor: 300/5179
  factor: 2500/5181
  factor: 400/5185
  factor: 400/5183
  factor: 400/5179
  factor: 2600/5181
  factor: 500/5185
  factor: 500/5183
  factor: 500/5179
  factor: 2700/5181
  factor: 600/5185
  factor: 600/5183
  factor: 600/5179
  factor: 2800/5181
  factor: 700/5185
  factor: 700/5183
  factor: 700/5179
  factor: 2900/5181
  factor: 800/5185
  factor: 800/5183
  factor: 800/5179
  factor: 3000/5181
  factor: 900/5185
  factor: 900/5183
  factor: 900/5179
  factor: 3100/5181
  factor: 1000/5185
  factor: 1000/5183
  factor: 1000/5179
  factor: 3200/5181
  factor: 1100/5185
  factor: 1100/5183
  factor: 1100/5179
  factor: 3300/5181
  factor: 1200/5185
  factor: 1200/5183
  factor: 1200/5179
  factor: 3400/5181
  factor: 1300/5185
  factor: 1300/5183
  factor: 1300/5179
  factor: 3500/5181
  factor: 1400/5185
  factor: 1400/5183
  factor: 1400/5179
  factor: 3600/5181
  factor: 1500/5185
  factor: 1500/5183
  factor: 3700/5181
  factor: 1500/5179
  factor: 1600/5185
  factor: 1600/5183
  factor: 3800/5181
  factor: 1600/5179
  factor: 1700/5185
  factor: 1700/5183
  factor: 3900/5181
  factor: 1700/5179
  factor: 1800/5185
  factor: 4000/5181
  factor: 1800/5183
  factor: 1800/5179
  factor: 1900/5185
  factor: 4100/5181
  factor: 1900/5183
  factor: 1900/5179
  factor: 2000/5185
  factor: 4200/5181
  factor: 2000/5183
  factor: 2000/5179
  factor: 4300/5181
  factor: 2100/5185
  factor: 2100/5183
  factor: 2100/5179
  factor: 4400/5181
  factor: 2200/5185
  factor: 2200/5183
  factor: 2200/5179
  factor: 4500/5181
  factor: 2300/5185
  factor: 2300/5183
  factor: 2300/5179
  factor: 4600/5181
  factor: 2400/5185
  factor: 2400/5183
  factor: 2400/5179
  factor: 4700/5181
  factor: 2500/5185
  factor: 2500/5183
  factor: 2500/5179
  factor: 4800/5181
  factor: 2600/5185
  factor: 2600/5183
  factor: 2600/5179
  factor: 4900/5181
  factor: 2700/5185
  factor: 2700/5183
  factor: 2700/5179
  factor: 5000/5181
  factor: 2800/5185
  factor: 2800/5183
  2026-03-05: meta=0 trend=0 factor=5049 (5181 候选, 420s)
  [2026-03-06] 开始...
  factor: 2800/5179
  factor: 2900/5185
  factor: 2900/5183
  factor: 2900/5179
  factor: 100/5182
  factor: 3000/5185
  factor: 3000/5183
  factor: 3000/5179
  factor: 200/5182
  factor: 3100/5185
  factor: 3100/5183
  factor: 3100/5179
  factor: 300/5182
  factor: 3200/5185
  factor: 3200/5183
  factor: 3200/5179
  factor: 400/5182
  factor: 3300/5185
  factor: 3300/5183
  factor: 500/5182
  factor: 3300/5179
  factor: 3400/5185
  factor: 3400/5183
  factor: 600/5182
  factor: 3400/5179
  factor: 3500/5185
  factor: 700/5182
  factor: 3500/5183
  factor: 3500/5179
  factor: 3600/5185
  factor: 800/5182
  factor: 3600/5183
  factor: 3600/5179
  factor: 3700/5185
  factor: 900/5182
  factor: 3700/5183
  factor: 3700/5179
  factor: 3800/5185
  factor: 1000/5182
  factor: 3800/5183
  factor: 3800/5179
  factor: 1100/5182
  factor: 3900/5185
  factor: 3900/5183
  factor: 3900/5179
  factor: 1200/5182
  factor: 4000/5185
  factor: 4000/5183
  factor: 4000/5179
  factor: 1300/5182
  factor: 4100/5185
  factor: 4100/5183
  factor: 4100/5179
  factor: 1400/5182
  factor: 4200/5185
  factor: 4200/5183
  factor: 4200/5179
  factor: 1500/5182
  factor: 4300/5185
  factor: 4300/5183
  factor: 4300/5179
  factor: 1600/5182
  factor: 4400/5185
  factor: 4400/5183
  factor: 4400/5179
  factor: 1700/5182
  factor: 4500/5185
  factor: 4500/5183
  factor: 4500/5179
  factor: 1800/5182
  factor: 4600/5185
  factor: 4600/5183
  factor: 4600/5179
  factor: 1900/5182
  factor: 4700/5185
  factor: 4700/5183
  factor: 4700/5179
  factor: 2000/5182
  factor: 4800/5185
  factor: 4800/5183
  factor: 4800/5179
  factor: 2100/5182
  factor: 4900/5185
  factor: 4900/5183
  factor: 4900/5179
  factor: 2200/5182
  factor: 5000/5185
  factor: 5000/5183
  factor: 5000/5179
  factor: 2300/5182
  2026-03-13: meta=0 trend=0 factor=5054 (5185 候选, 446s)
  [2026-03-30] 开始...
  2026-03-20: meta=0 trend=0 factor=5052 (5183 候选, 447s)
  [2026-04-07] 开始...
  2026-03-27: meta=0 trend=0 factor=5048 (5179 候选, 447s)
  [2026-04-14] 开始...
  factor: 2400/5182
  factor: 100/5176
  factor: 100/5181
  factor: 100/5192
  factor: 2500/5182
  factor: 200/5176
  factor: 200/5181
  factor: 200/5192
  factor: 2600/5182
  factor: 300/5176
  factor: 300/5181
  factor: 300/5192
  factor: 2700/5182
  factor: 400/5176
  factor: 400/5181
  factor: 400/5192
  factor: 2800/5182
  factor: 500/5176
  factor: 500/5181
  factor: 500/5192
  factor: 2900/5182
  factor: 600/5176
  factor: 600/5181
  factor: 600/5192
  factor: 3000/5182
  factor: 700/5176
  factor: 700/5181
  factor: 3100/5182
  factor: 700/5192
  factor: 800/5176
  factor: 800/5181
  factor: 3200/5182
  factor: 800/5192
  factor: 900/5176
  factor: 3300/5182
  factor: 900/5181
  factor: 900/5192
  factor: 1000/5176
  factor: 3400/5182
  factor: 1000/5181
  factor: 1000/5192
  factor: 1100/5176
  factor: 3500/5182
  factor: 1100/5181
  factor: 1100/5192
  factor: 1200/5176
  factor: 3600/5182
  factor: 1200/5181
  factor: 1200/5192
  factor: 3700/5182
  factor: 1300/5176
  factor: 1300/5181
  factor: 1300/5192
  factor: 3800/5182
  factor: 1400/5176
  factor: 1400/5181
  factor: 1400/5192
  factor: 3900/5182
  factor: 1500/5176
  factor: 1500/5181
  factor: 1500/5192
  factor: 4000/5182
  factor: 1600/5176
  factor: 1600/5181
  factor: 1600/5192
  factor: 4100/5182
  factor: 1700/5176
  factor: 1700/5181
  factor: 1700/5192
  factor: 4200/5182
  factor: 1800/5176
  factor: 1800/5181
  factor: 1800/5192
  factor: 4300/5182
  factor: 1900/5176
  factor: 1900/5181
  factor: 1900/5192
  factor: 4400/5182
  factor: 2000/5176
  factor: 2000/5181
  factor: 2000/5192
  factor: 4500/5182
  factor: 2100/5176
  factor: 2100/5181
  factor: 2100/5192
  factor: 4600/5182
  factor: 2200/5176
  factor: 2200/5181
  factor: 2200/5192
  factor: 4700/5182
  factor: 2300/5176
  factor: 2300/5181
  factor: 2300/5192
  factor: 4800/5182
  factor: 2400/5176
  factor: 2400/5181
  factor: 2400/5192
  factor: 4900/5182
  factor: 2500/5176
  factor: 2500/5181
  factor: 2500/5192
  factor: 5000/5182
  2026-03-06: meta=0 trend=0 factor=5050 (5182 候选, 435s)
  [2026-04-21] 开始...
  factor: 2600/5176
  factor: 2600/5181
  factor: 2600/5192
  factor: 2700/5176
  factor: 100/2847
  factor: 2700/5181
  factor: 2700/5192
  factor: 2800/5176
  factor: 200/2847
  factor: 2800/5181
  factor: 2800/5192
  factor: 2900/5176
  factor: 300/2847
  factor: 2900/5181
  factor: 2900/5192
  factor: 3000/5176
  factor: 400/2847
  factor: 3000/5181
  factor: 3000/5192
  factor: 3100/5176
  factor: 500/2847
  factor: 3100/5181
  factor: 3100/5192
  factor: 3200/5176
  factor: 600/2847
  factor: 3200/5181
  factor: 3200/5192
  factor: 3300/5176
  factor: 700/2847
  factor: 3300/5181
  factor: 3300/5192
  factor: 800/2847
  factor: 3400/5176
  factor: 3400/5181
  factor: 3400/5192
  factor: 900/2847
  factor: 3500/5176
  factor: 3500/5181
  factor: 3500/5192
  factor: 1000/2847
  factor: 3600/5176
  factor: 3600/5181
  factor: 3600/5192
  factor: 1100/2847
  factor: 3700/5176
  factor: 3700/5181
  factor: 3700/5192
  factor: 1200/2847
  factor: 3800/5176
  factor: 3800/5181
  factor: 3800/5192
  factor: 1300/2847
  factor: 3900/5176
  factor: 3900/5181
  factor: 3900/5192
  factor: 1400/2847
  factor: 4000/5176
  factor: 4000/5181
  factor: 4000/5192
  factor: 1500/2847
  factor: 4100/5176
  factor: 4100/5181
  factor: 4100/5192
  factor: 1600/2847
  factor: 4200/5176
  factor: 4200/5181
  factor: 4200/5192
  factor: 1700/2847
  factor: 4300/5176
  factor: 4300/5181
  factor: 4300/5192
  factor: 1800/2847
  factor: 4400/5176
  factor: 4400/5181
  factor: 4400/5192
  factor: 1900/2847
  factor: 4500/5176
  factor: 4500/5181
  factor: 4500/5192
  factor: 2000/2847
  factor: 4600/5176
  factor: 4600/5181
  factor: 4600/5192
  factor: 2100/2847
  factor: 4700/5176
  factor: 4700/5181
  factor: 4700/5192
  factor: 2200/2847
  factor: 4800/5176
  factor: 4800/5181
  factor: 4800/5192
  factor: 2300/2847
  factor: 4900/5176
  factor: 4900/5181
  factor: 4900/5192
  factor: 2400/2847
  factor: 5000/5176
  factor: 5000/5181
  factor: 5000/5192
  2026-03-30: meta=0 trend=0 factor=5047 (5176 候选, 466s)
  [2026-03-31] 开始...
  factor: 2500/2847
  2026-04-07: meta=0 trend=0 factor=5050 (5181 候选, 466s)
  [2026-04-08] 开始...
  2026-04-14: meta=0 trend=0 factor=5062 (5192 候选, 467s)
  [2026-04-15] 开始...
  factor: 2600/2847
  factor: 100/5181
  factor: 100/5188
  factor: 100/5190
  factor: 2700/2847
  factor: 200/5181
  factor: 200/5188
  factor: 200/5190
  factor: 2800/2847
  2026-04-21: meta=0 trend=0 factor=2828 (2847 候选, 259s)
  [2026-04-22] 开始...
  factor: 300/5181
  factor: 300/5188
  factor: 300/5190
  factor: 400/5181
  factor: 100/2845
  factor: 400/5188
  factor: 400/5190
  factor: 500/5181
  factor: 200/2845
  factor: 500/5188
  factor: 500/5190
  factor: 600/5181
  factor: 300/2845
  factor: 600/5188
  factor: 600/5190
  factor: 700/5181
  factor: 400/2845
  factor: 700/5188
  factor: 700/5190
  factor: 800/5181
  factor: 500/2845
  factor: 800/5188
  factor: 800/5190
  factor: 900/5181
  factor: 600/2845
  factor: 900/5188
  factor: 900/5190
  factor: 700/2845
  factor: 1000/5181
  factor: 1000/5188
  factor: 1000/5190
  factor: 800/2845
  factor: 1100/5181
  factor: 1100/5188
  factor: 1100/5190
  factor: 900/2845
  factor: 1200/5181
  factor: 1200/5188
  factor: 1200/5190
  factor: 1000/2845
  factor: 1300/5181
  factor: 1300/5188
  factor: 1300/5190
  factor: 1100/2845
  factor: 1400/5181
  factor: 1400/5188
  factor: 1400/5190
  factor: 1200/2845
  factor: 1500/5181
  factor: 1500/5188
  factor: 1500/5190
  factor: 1300/2845
  factor: 1600/5181
  factor: 1600/5188
  factor: 1600/5190
  factor: 1400/2845
  factor: 1700/5181
  factor: 1700/5188
  factor: 1700/5190
  factor: 1500/2845
  factor: 1800/5181
  factor: 1800/5188
  factor: 1800/5190
  factor: 1600/2845
  factor: 1900/5181
  factor: 1900/5188
  factor: 1900/5190
  factor: 1700/2845
  factor: 2000/5181
  factor: 2000/5188
  factor: 2000/5190
  factor: 1800/2845
  factor: 2100/5181
  factor: 2100/5188
  factor: 2100/5190
  factor: 1900/2845
  factor: 2200/5181
  factor: 2200/5188
  factor: 2200/5190
  factor: 2000/2845
  factor: 2300/5181
  factor: 2300/5188
  factor: 2300/5190
  factor: 2100/2845
  factor: 2400/5181
  factor: 2400/5188
  factor: 2400/5190
  factor: 2200/2845
  factor: 2500/5181
  factor: 2500/5188
  factor: 2500/5190
  factor: 2300/2845
  factor: 2600/5181
  factor: 2600/5188
  factor: 2600/5190
  factor: 2400/2845
  factor: 2700/5181
  factor: 2700/5188
  factor: 2700/5190
  factor: 2500/2845
  factor: 2800/5181
  factor: 2800/5188
  factor: 2800/5190
  factor: 2600/2845
  factor: 2900/5181
  factor: 2900/5188
  factor: 2900/5190
  factor: 2700/2845
  factor: 3000/5181
  factor: 3000/5188
  factor: 3000/5190
  factor: 2800/2845
  2026-04-22: meta=0 trend=0 factor=2827 (2845 候选, 266s)
  [2026-04-23] 开始...
  factor: 3100/5181
  factor: 3100/5188
  factor: 3100/5190
  factor: 3200/5181
  factor: 100/2844
  factor: 3200/5188
  factor: 3200/5190
  factor: 3300/5181
  factor: 200/2844
  factor: 3300/5188
  factor: 3300/5190
  factor: 3400/5181
  factor: 300/2844
  factor: 3400/5188
  factor: 3400/5190
  factor: 3500/5181
  factor: 400/2844
  factor: 3500/5188
  factor: 3500/5190
  factor: 500/2844
  factor: 3600/5181
  factor: 3600/5188
  factor: 3600/5190
  factor: 600/2844
  factor: 3700/5181
  factor: 3700/5188
  factor: 3700/5190
  factor: 700/2844
  factor: 3800/5181
  factor: 3800/5188
  factor: 3800/5190
  factor: 800/2844
  factor: 3900/5181
  factor: 3900/5188
  factor: 3900/5190
  factor: 900/2844
  factor: 4000/5181
  factor: 4000/5188
  factor: 4000/5190
  factor: 1000/2844
  factor: 4100/5181
  factor: 4100/5188
  factor: 4100/5190
  factor: 1100/2844
  factor: 4200/5181
  factor: 4200/5188
  factor: 4200/5190
  factor: 1200/2844
  factor: 4300/5181
  factor: 4300/5188
  factor: 4300/5190
  factor: 1300/2844
  factor: 4400/5181
  factor: 4400/5188
  factor: 4400/5190
  factor: 1400/2844
  factor: 4500/5181
  factor: 4500/5188
  factor: 4500/5190
  factor: 1500/2844
  factor: 4600/5181
  factor: 4600/5188
  factor: 4600/5190
  factor: 1600/2844
  factor: 4700/5181
  factor: 4700/5188
  factor: 4700/5190
  factor: 1700/2844
  factor: 4800/5181
  factor: 4800/5188
  factor: 4800/5190
  factor: 1800/2844
  factor: 4900/5181
  factor: 4900/5188
  factor: 4900/5190
  factor: 1900/2844
  factor: 5000/5181
  factor: 5000/5188
  factor: 5000/5190
  2026-03-31: meta=0 trend=0 factor=5051 (5181 候选, 489s)
  [2026-04-01] 开始...
  factor: 2000/2844
  2026-04-08: meta=0 trend=0 factor=5057 (5188 候选, 490s)
  [2026-04-09] 开始...
  2026-04-15: meta=0 trend=0 factor=5060 (5190 候选, 489s)
  [2026-04-16] 开始...
  factor: 2100/2844
  factor: 100/5184
  factor: 100/5189
  factor: 100/5193
  factor: 2200/2844
  factor: 200/5184
  factor: 200/5189
  factor: 200/5193
  factor: 2300/2844
  factor: 300/5184
  factor: 300/5189
  factor: 300/5193
  factor: 2400/2844
  factor: 400/5184
  factor: 400/5189
  factor: 400/5193
  factor: 2500/2844
  factor: 500/5184
  factor: 500/5189
  factor: 500/5193
  factor: 2600/2844
  factor: 600/5184
  factor: 600/5189
  factor: 600/5193
  factor: 2700/2844
  factor: 700/5184
  factor: 700/5189
  factor: 700/5193
  factor: 2800/2844
  factor: 800/5184
  2026-04-23: meta=0 trend=0 factor=2825 (2844 候选, 274s)
  [2026-04-24] 开始...
  factor: 800/5189
  factor: 800/5193
  factor: 900/5184
  factor: 100/2847
  factor: 900/5189
  factor: 900/5193
  factor: 1000/5184
  factor: 200/2847
  factor: 1000/5189
  factor: 1000/5193
  factor: 1100/5184
  factor: 300/2847
  factor: 1100/5189
  factor: 1100/5193
  factor: 1200/5184
  factor: 400/2847
  factor: 1200/5189
  factor: 1200/5193
  factor: 1300/5184
  factor: 500/2847
  factor: 1300/5189
  factor: 1300/5193
  factor: 1400/5184
  factor: 600/2847
  factor: 1400/5189
  factor: 1400/5193
  factor: 1500/5184
  factor: 700/2847
  factor: 1500/5189
  factor: 1500/5193
  factor: 800/2847
  factor: 1600/5184
  factor: 1600/5189
  factor: 1600/5193
  factor: 900/2847
  factor: 1700/5184
  factor: 1700/5189
  factor: 1700/5193
  factor: 1000/2847
  factor: 1800/5184
  factor: 1800/5189
  factor: 1800/5193
  factor: 1100/2847
  factor: 1900/5184
  factor: 1900/5189
  factor: 1900/5193
  factor: 1200/2847
  factor: 2000/5184
  factor: 2000/5189
  factor: 2000/5193
  factor: 1300/2847
  factor: 2100/5184
  factor: 2100/5189
  factor: 2100/5193
  factor: 1400/2847
  factor: 2200/5184
  factor: 2200/5189
  factor: 2200/5193
  factor: 1500/2847
  factor: 2300/5184
  factor: 2300/5189
  factor: 2300/5193
  factor: 1600/2847
  factor: 2400/5184
  factor: 2400/5189
  factor: 2400/5193
  factor: 1700/2847
  factor: 2500/5184
  factor: 2500/5189
  factor: 2500/5193
  factor: 1800/2847
  factor: 2600/5184
  factor: 2600/5189
  factor: 2600/5193
  factor: 1900/2847
  factor: 2700/5184
  factor: 2700/5189
  factor: 2700/5193
  factor: 2000/2847
  factor: 2800/5184
  factor: 2800/5189
  factor: 2800/5193
  factor: 2100/2847
  factor: 2900/5184
  factor: 2900/5189
  factor: 2900/5193
  factor: 2200/2847
  factor: 3000/5184
  factor: 3000/5189
  factor: 3000/5193
  factor: 2300/2847
  factor: 3100/5184
  factor: 3100/5189
  factor: 3100/5193
  factor: 2400/2847
  factor: 3200/5184
  factor: 3200/5189
  factor: 3200/5193
  factor: 2500/2847
  factor: 3300/5184
  factor: 3300/5189
  factor: 3300/5193
  factor: 2600/2847
  factor: 3400/5184
  factor: 3400/5189
  factor: 3400/5193
  factor: 2700/2847
  factor: 3500/5184
  factor: 3500/5189
  factor: 3500/5193
  factor: 2800/2847
  2026-04-24: meta=0 trend=0 factor=2828 (2847 候选, 279s)
  [2026-04-27] 开始...
  factor: 3600/5184
  factor: 3600/5189
  factor: 3600/5193
  factor: 3700/5184
  factor: 100/2848
  factor: 3700/5189
  factor: 3700/5193
  factor: 200/2848
  factor: 3800/5184
  factor: 3800/5189
  factor: 3800/5193
  factor: 300/2848
  factor: 3900/5184
  factor: 3900/5189
  factor: 3900/5193
  factor: 400/2848
  factor: 4000/5184
  factor: 4000/5189
  factor: 4000/5193
  factor: 500/2848
  factor: 4100/5184
  factor: 4100/5189
  factor: 4100/5193
  factor: 600/2848
  factor: 4200/5184
  factor: 4200/5189
  factor: 4200/5193
  factor: 700/2848
  factor: 4300/5184
  factor: 4300/5189
  factor: 4300/5193
  factor: 800/2848
  factor: 4400/5184
  factor: 4400/5189
  factor: 4400/5193
  factor: 900/2848
  factor: 4500/5184
  factor: 4500/5189
  factor: 4500/5193
  factor: 1000/2848
  factor: 4600/5184
  factor: 4600/5189
  factor: 4600/5193
  factor: 1100/2848
  factor: 4700/5184
  factor: 4700/5189
  factor: 4700/5193
  factor: 1200/2848
  factor: 4800/5184
  factor: 4800/5189
  factor: 1300/2848
  factor: 4800/5193
  factor: 4900/5184
  factor: 4900/5189
  factor: 1400/2848
  factor: 4900/5193
  factor: 5000/5184
  factor: 5000/5189
  factor: 1500/2848
  2026-04-01: meta=0 trend=0 factor=5053 (5184 候选, 513s)
  [2026-04-02] 开始...
  factor: 5000/5193
  2026-04-09: meta=0 trend=0 factor=5058 (5189 候选, 515s)
  [2026-04-10] 开始...
  2026-04-16: meta=0 trend=0 factor=5063 (5193 候选, 514s)
  [2026-04-17] 开始...
  factor: 1600/2848
  factor: 100/5184
  factor: 100/5192
  factor: 100/2845
  factor: 1700/2848
  factor: 200/5184
  factor: 200/5192
  factor: 200/2845
  factor: 1800/2848
  factor: 300/5184
  factor: 300/5192
  factor: 300/2845
  factor: 1900/2848
  factor: 400/5184
  factor: 400/5192
  factor: 2000/2848
  factor: 400/2845
  factor: 500/5184
  factor: 500/5192
  factor: 2100/2848
  factor: 500/2845
  factor: 600/5184
  factor: 2200/2848
  factor: 600/5192
  factor: 600/2845
  factor: 700/5184
  factor: 2300/2848
  factor: 700/5192
  factor: 700/2845
  factor: 800/5184
  factor: 2400/2848
  factor: 800/5192
  factor: 800/2845
  factor: 900/5184
  factor: 2500/2848
  factor: 900/5192
  factor: 900/2845
  factor: 1000/5184
  factor: 2600/2848
  factor: 1000/5192
  factor: 1000/2845
  factor: 1100/5184
  factor: 2700/2848
  factor: 1100/5192
  factor: 1100/2845
  factor: 1200/5184
  factor: 2800/2848
  factor: 1200/5192
  factor: 1200/2845
  2026-04-27: meta=0 trend=0 factor=2829 (2848 候选, 286s)
  [2026-04-28] 开始...
  factor: 1300/5184
  factor: 1300/5192
  factor: 1300/2845
  factor: 100/2847
  factor: 1400/5184
  factor: 1400/5192
  factor: 1400/2845
  factor: 200/2847
  factor: 1500/5184
  factor: 1500/5192
  factor: 1500/2845
  factor: 300/2847
  factor: 1600/5184
  factor: 1600/5192
  factor: 1600/2845
  factor: 400/2847
  factor: 1700/5184
  factor: 1700/5192
  factor: 1700/2845
  factor: 500/2847
  factor: 1800/5184
  factor: 1800/5192
  factor: 600/2847
  factor: 1800/2845
  factor: 1900/5184
  factor: 700/2847
  factor: 1900/5192
  factor: 1900/2845
  factor: 2000/5184
  factor: 800/2847
  factor: 2000/5192
  factor: 2000/2845
  factor: 2100/5184
  factor: 900/2847
  factor: 2100/5192
  factor: 2100/2845
  factor: 2200/5184
  factor: 1000/2847
  factor: 2200/5192
  factor: 2200/2845
  factor: 2300/5184
  factor: 1100/2847
  factor: 2300/5192
  factor: 2300/2845
  factor: 2400/5184
  factor: 1200/2847
  factor: 2400/5192
  factor: 2400/2845
  factor: 2500/5184
  factor: 1300/2847
  factor: 2500/5192
  factor: 2500/2845
  factor: 2600/5184
  factor: 1400/2847
  factor: 2600/5192
  factor: 2600/2845
  factor: 2700/5184
  factor: 1500/2847
  factor: 2700/5192
  factor: 2700/2845
  factor: 2800/5184
  factor: 1600/2847
  factor: 2800/5192
  factor: 2800/2845
  2026-04-17: meta=0 trend=0 factor=2826 (2845 候选, 301s)
  [2026-04-20] 开始...
  factor: 2900/5184
  factor: 1700/2847
  factor: 2900/5192
  factor: 100/2844
  factor: 3000/5184
  factor: 1800/2847
  factor: 3000/5192
  factor: 200/2844
  factor: 3100/5184
  factor: 1900/2847
  factor: 3100/5192
  factor: 300/2844
  factor: 3200/5184
  factor: 2000/2847
  factor: 3200/5192
  factor: 400/2844
  factor: 2100/2847
  factor: 3300/5184
  factor: 3300/5192
  factor: 500/2844
  factor: 2200/2847
  factor: 3400/5184
  factor: 3400/5192
  factor: 600/2844
  factor: 2300/2847
  factor: 3500/5184
  factor: 3500/5192
  factor: 2400/2847
  factor: 700/2844
  factor: 3600/5184
  factor: 3600/5192
  factor: 2500/2847
  factor: 800/2844
  factor: 3700/5184
  factor: 3700/5192
  factor: 2600/2847
  factor: 900/2844
  factor: 3800/5184
  factor: 3800/5192
  factor: 2700/2847
  factor: 1000/2844
  factor: 3900/5184
  factor: 3900/5192
  factor: 2800/2847
  factor: 1100/2844
  2026-04-28: meta=0 trend=0 factor=2828 (2847 候选, 295s)
  [2026-04-29] 开始...
  factor: 4000/5184
  factor: 4000/5192
  factor: 1200/2844
  factor: 4100/5184
  factor: 100/2842
  factor: 4100/5192
  factor: 1300/2844
  factor: 4200/5184
  factor: 200/2842
  factor: 4200/5192
  factor: 1400/2844
  factor: 4300/5184
  factor: 300/2842
  factor: 4300/5192
  factor: 1500/2844
  factor: 4400/5184
  factor: 400/2842
  factor: 4400/5192
  factor: 1600/2844
  factor: 500/2842
  factor: 4500/5184
  factor: 4500/5192
  factor: 1700/2844
  factor: 600/2842
  factor: 4600/5184
  factor: 4600/5192
  factor: 1800/2844
  factor: 700/2842
  factor: 4700/5184
  factor: 4700/5192
  factor: 800/2842
  factor: 1900/2844
  factor: 4800/5184
  factor: 4800/5192
  factor: 900/2842
  factor: 2000/2844
  factor: 4900/5184
  factor: 4900/5192
  factor: 1000/2842
  factor: 2100/2844
  factor: 5000/5184
  factor: 5000/5192
  2026-04-02: meta=0 trend=0 factor=5053 (5184 候选, 545s)
  [2026-04-03] 开始...
  factor: 1100/2842
  factor: 2200/2844
  2026-04-10: meta=0 trend=0 factor=5061 (5192 候选, 545s)
  [2026-04-13] 开始...
  factor: 1200/2842
  factor: 100/5183
  factor: 2300/2844
  factor: 100/5190
  factor: 1300/2842
  factor: 200/5183
  factor: 2400/2844
  factor: 200/5190
  factor: 1400/2842
  factor: 300/5183
  factor: 2500/2844
  factor: 300/5190
  factor: 1500/2842
  factor: 400/5183
  factor: 2600/2844
  factor: 400/5190
  factor: 1600/2842
  factor: 500/5183
  factor: 2700/2844
  factor: 500/5190
  factor: 1700/2842
  factor: 600/5183
  factor: 2800/2844
  2026-04-20: meta=0 trend=0 factor=2825 (2844 候选, 310s)
  [2026-05-06] 开始...
  factor: 600/5190
  factor: 1800/2842
  factor: 700/5183
  factor: 700/5190
  factor: 100/2850
  factor: 1900/2842
  factor: 800/5183
  factor: 800/5190
  factor: 200/2850
  factor: 2000/2842
  factor: 900/5183
  factor: 900/5190
  factor: 300/2850
  factor: 2100/2842
  factor: 1000/5183
  factor: 1000/5190
  factor: 400/2850
  factor: 2200/2842
  factor: 1100/5183
  factor: 1100/5190
  factor: 500/2850
  factor: 2300/2842
  factor: 1200/5183
  factor: 1200/5190
  factor: 600/2850
  factor: 2400/2842
  factor: 1300/5183
  factor: 1300/5190
  factor: 700/2850
  factor: 2500/2842
  factor: 1400/5183
  factor: 1400/5190
  factor: 800/2850
  factor: 2600/2842
  factor: 1500/5183
  factor: 1500/5190
  factor: 900/2850
  factor: 2700/2842
  factor: 1600/5183
  factor: 1600/5190
  factor: 2800/2842
  factor: 1000/2850
  2026-04-29: meta=0 trend=0 factor=2823 (2842 候选, 303s)
  [2026-04-30] 开始...
  factor: 1700/5183
  factor: 1700/5190
  factor: 1100/2850
  factor: 100/2845
  factor: 1800/5183
  factor: 1800/5190
  factor: 1200/2850
  factor: 200/2845
  factor: 1900/5183
  factor: 1900/5190
  factor: 1300/2850
  factor: 300/2845
  factor: 2000/5183
  factor: 2000/5190
  factor: 1400/2850
  factor: 400/2845
  factor: 2100/5183
  factor: 2100/5190
  factor: 1500/2850
  factor: 500/2845
  factor: 2200/5183
  factor: 2200/5190
  factor: 1600/2850
  factor: 600/2845
  factor: 2300/5183
  factor: 2300/5190
  factor: 1700/2850
  factor: 700/2845
  factor: 2400/5183
  factor: 2400/5190
  factor: 1800/2850
  factor: 800/2845
  factor: 2500/5183
  factor: 2500/5190
  factor: 1900/2850
  factor: 900/2845
  factor: 2600/5183
  factor: 2600/5190
  factor: 2000/2850
  factor: 1000/2845
  factor: 2700/5183
  factor: 2700/5190
  factor: 2100/2850
  factor: 1100/2845
  factor: 2800/5183
  factor: 2800/5190
  factor: 2200/2850
  factor: 1200/2845
  factor: 2900/5183
  factor: 2900/5190
  factor: 2300/2850
  factor: 1300/2845
  factor: 3000/5183
  factor: 3000/5190
  factor: 2400/2850
  factor: 1400/2845
  factor: 3100/5183
  factor: 3100/5190
  factor: 2500/2850
  factor: 1500/2845
  factor: 3200/5183
  factor: 3200/5190
  factor: 1600/2845
  factor: 2600/2850
  factor: 3300/5183
  factor: 1700/2845
  factor: 3300/5190
  factor: 2700/2850
  factor: 3400/5183
  factor: 1800/2845
  factor: 3400/5190
  factor: 2800/2850
  2026-05-06: meta=0 trend=0 factor=2831 (2850 候选, 317s)
  [2026-05-07] 开始...
  factor: 3500/5183
  factor: 1900/2845
  factor: 3500/5190
  factor: 100/2851
  factor: 3600/5183
  factor: 2000/2845
  factor: 3600/5190
  factor: 200/2851
  factor: 3700/5183
  factor: 2100/2845
  factor: 3700/5190
  factor: 300/2851
  factor: 3800/5183
  factor: 2200/2845
  factor: 3800/5190
  factor: 400/2851
  factor: 3900/5183
  factor: 2300/2845
  factor: 3900/5190
  factor: 500/2851
  factor: 4000/5183
  factor: 2400/2845
  factor: 4000/5190
  factor: 600/2851
  factor: 4100/5183
  factor: 2500/2845
  factor: 4100/5190
  factor: 700/2851
  factor: 4200/5183
  factor: 2600/2845
  factor: 4200/5190
  factor: 800/2851
  factor: 4300/5183
  factor: 2700/2845
  factor: 4300/5190
  factor: 900/2851
  factor: 4400/5183
  factor: 2800/2845
  2026-04-30: meta=0 trend=0 factor=2826 (2845 候选, 313s)
  [2026-05-04] 开始...
  [2026-05-05] 开始...
  [2026-05-13] 开始...
  factor: 4400/5190
  factor: 1000/2851
  factor: 4500/5183
  factor: 4500/5190
  factor: 100/2056
  factor: 1100/2851
  factor: 4600/5183
  factor: 4600/5190
  factor: 200/2056
  factor: 1200/2851
  factor: 4700/5183
  factor: 4700/5190
  factor: 300/2056
  factor: 1300/2851
  factor: 4800/5183
  factor: 4800/5190
  factor: 400/2056
  factor: 1400/2851
  factor: 4900/5183
  factor: 4900/5190
  factor: 500/2056
  factor: 1500/2851
  factor: 5000/5183
  factor: 5000/5190
  factor: 600/2056
  2026-04-03: meta=0 trend=0 factor=5051 (5183 候选, 569s)
  [2026-05-20] 开始...
  factor: 1600/2851
  2026-04-13: meta=0 trend=0 factor=5059 (5190 候选, 570s)
  [2026-05-27] 开始...
  factor: 700/2056
  factor: 100/2058
  factor: 1700/2851
  factor: 100/1997
  factor: 800/2056
  factor: 200/2058
  factor: 1800/2851
  factor: 200/1997
  factor: 900/2056
  factor: 300/2058
  factor: 1900/2851
  factor: 300/1997
  factor: 1000/2056
  factor: 400/2058
  factor: 2000/2851
  factor: 400/1997
  factor: 1100/2056
  factor: 500/2058
  factor: 2100/2851
  factor: 500/1997
  factor: 1200/2056
  factor: 600/2058
  factor: 2200/2851
  factor: 600/1997
  factor: 1300/2056
  factor: 700/2058
  factor: 2300/2851
  factor: 700/1997
  factor: 1400/2056
  factor: 800/2058
  factor: 2400/2851
  factor: 800/1997
  factor: 1500/2056
  factor: 900/2058
  factor: 2500/2851
  factor: 900/1997
  factor: 1600/2056
  factor: 1000/2058
  factor: 2600/2851
  factor: 1000/1997
  factor: 1700/2056
  factor: 1100/2058
  factor: 2700/2851
  factor: 1100/1997
  factor: 1800/2056
  factor: 1200/2058
  factor: 2800/2851
  factor: 1200/1997
  2026-05-07: meta=0 trend=0 factor=2832 (2851 候选, 325s)
  [2026-05-08] 开始...
  factor: 1900/2056
  factor: 1300/2058
  factor: 1300/1997
  factor: 2000/2056
  factor: 100/2852
  factor: 1400/2058
  2026-05-13: meta=0 trend=0 factor=2043 (2056 候选, 233s)
  [2026-05-14] 开始...
  factor: 1400/1997
  factor: 200/2852
  factor: 1500/2058
  factor: 100/2056
  factor: 1500/1997
  factor: 300/2852
  factor: 1600/2058
  factor: 200/2056
  factor: 1600/1997
  factor: 400/2852
  factor: 1700/2058
  factor: 300/2056
  factor: 1700/1997
  factor: 500/2852
  factor: 1800/2058
  factor: 400/2056
  factor: 1800/1997
  factor: 600/2852
  factor: 1900/2058
  factor: 500/2056
  factor: 1900/1997
  factor: 700/2852
  factor: 2000/2058
  factor: 600/2056
  2026-05-27: meta=0 trend=0 factor=1987 (1997 候选, 232s)
  [2026-05-28] 开始...
  2026-05-20: meta=0 trend=0 factor=2045 (2058 候选, 238s)
  [2026-05-21] 开始...
  factor: 800/2852
  factor: 700/2056
  factor: 100/1996
  factor: 100/2015
  factor: 900/2852
  factor: 800/2056
  factor: 200/1996
  factor: 200/2015
  factor: 1000/2852
  factor: 900/2056
  factor: 300/1996
  factor: 300/2015
  factor: 1100/2852
  factor: 1000/2056
  factor: 400/1996
  factor: 400/2015
  factor: 1200/2852
  factor: 1100/2056
  factor: 500/1996
  factor: 500/2015
  factor: 1300/2852
  factor: 1200/2056
  factor: 600/1996
  factor: 600/2015
  factor: 1400/2852
  factor: 1300/2056
  factor: 700/1996
  factor: 700/2015
  factor: 1500/2852
  factor: 1400/2056
  factor: 800/1996
  factor: 800/2015
  factor: 1600/2852
  factor: 1500/2056
  factor: 900/1996
  factor: 900/2015
  factor: 1700/2852
  factor: 1600/2056
  factor: 1000/1996
  factor: 1000/2015
  factor: 1800/2852
  factor: 1700/2056
  factor: 1100/1996
  factor: 1100/2015
  factor: 1900/2852
  factor: 1800/2056
  factor: 1200/1996
  factor: 1200/2015
  factor: 2000/2852
  factor: 1900/2056
  factor: 1300/1996
  factor: 1300/2015
  factor: 2100/2852
  factor: 2000/2056
  2026-05-14: meta=0 trend=0 factor=2043 (2056 候选, 237s)
  [2026-05-15] 开始...
  factor: 1400/1996
  factor: 1400/2015
  factor: 2200/2852
  factor: 100/2056
  factor: 1500/1996
  factor: 1500/2015
  factor: 2300/2852
  factor: 200/2056
  factor: 1600/1996
  factor: 1600/2015
  factor: 2400/2852
  factor: 300/2056
  factor: 1700/1996
  factor: 1700/2015
  factor: 2500/2852
  factor: 400/2056
  factor: 1800/1996
  factor: 1800/2015
  factor: 2600/2852
  factor: 500/2056
  factor: 1900/1996
  factor: 1900/2015
  factor: 2700/2852
  2026-05-28: meta=0 trend=0 factor=1986 (1996 候选, 235s)
  [2026-05-29] 开始...
  factor: 600/2056
  factor: 2000/2015
  2026-05-21: meta=0 trend=0 factor=2004 (2015 候选, 237s)
  [2026-05-22] 开始...
  factor: 2800/2852
  2026-05-08: meta=0 trend=0 factor=2833 (2852 候选, 333s)
  [2026-05-11] 开始...
  factor: 700/2056
  factor: 100/1988
  factor: 100/2015
  factor: 100/2853
  factor: 800/2056
  factor: 200/1988
  factor: 200/2015
  factor: 200/2853
  factor: 900/2056
  factor: 300/1988
  factor: 300/2015
  factor: 300/2853
  factor: 1000/2056
  factor: 400/1988
  factor: 400/2015
  factor: 400/2853
  factor: 1100/2056
  factor: 500/1988
  factor: 500/2015
  factor: 500/2853
  factor: 1200/2056
  factor: 600/1988
  factor: 600/2015
  factor: 600/2853
  factor: 1300/2056
  factor: 700/1988
  factor: 700/2015
  factor: 700/2853
  factor: 1400/2056
  factor: 800/1988
  factor: 800/2015
  factor: 800/2853
  factor: 1500/2056
  factor: 900/1988
  factor: 900/2015
  factor: 900/2853
  factor: 1600/2056
  factor: 1000/1988
  factor: 1000/2015
  factor: 1000/2853
  factor: 1700/2056
  factor: 1100/1988
  factor: 1100/2015
  factor: 1100/2853
  factor: 1800/2056
  factor: 1200/1988
  factor: 1200/2015
  factor: 1200/2853
  factor: 1900/2056
  factor: 1300/1988
  factor: 1300/2015
  factor: 1300/2853
  factor: 2000/2056
  factor: 1400/1988
  factor: 1400/2015
  2026-05-15: meta=0 trend=0 factor=2043 (2056 候选, 244s)
  [2026-05-18] 开始...
  factor: 1400/2853
  factor: 1500/1988
  factor: 1500/2015
  factor: 100/2058
  factor: 1500/2853
  factor: 1600/1988
  factor: 1600/2015
  factor: 200/2058
  factor: 1600/2853
  factor: 1700/1988
  factor: 1700/2015
  factor: 300/2058
  factor: 1700/2853
  factor: 1800/1988
  factor: 1800/2015
  factor: 400/2058
  factor: 1800/2853
  factor: 1900/1988
  factor: 1900/2015
  factor: 500/2058
  factor: 1900/2853
  2026-05-29: meta=0 trend=0 factor=1978 (1988 候选, 238s)
  [2026-06-01] 开始...
  factor: 2000/2015
  2026-05-22: meta=0 trend=0 factor=2004 (2015 候选, 241s)
  [2026-05-25] 开始...
  factor: 600/2058
  factor: 2000/2853
  factor: 100/1982
  factor: 700/2058
  factor: 100/2012
  factor: 2100/2853
  factor: 200/1982
  factor: 800/2058
  factor: 200/2012
  factor: 2200/2853
  factor: 300/1982
  factor: 900/2058
  factor: 300/2012
  factor: 2300/2853
  factor: 400/1982
  factor: 1000/2058
  factor: 400/2012
  factor: 2400/2853
  factor: 500/1982
  factor: 1100/2058
  factor: 500/2012
  factor: 2500/2853
  factor: 600/1982
  factor: 1200/2058
  factor: 600/2012
  factor: 2600/2853
  factor: 700/1982
  factor: 1300/2058
  factor: 700/2012
  factor: 2700/2853
  factor: 800/1982
  factor: 1400/2058
  factor: 800/2012
  factor: 2800/2853
  factor: 900/1982
  2026-05-11: meta=0 trend=0 factor=2834 (2853 候选, 342s)
  [2026-05-12] 开始...
  factor: 1500/2058
  factor: 900/2012
  factor: 1000/1982
  factor: 100/2056
  factor: 1600/2058
  factor: 1000/2012
  factor: 1100/1982
  factor: 200/2056
  factor: 1700/2058
  factor: 1100/2012
  factor: 1200/1982
  factor: 300/2056
  factor: 1800/2058
  factor: 1200/2012
  factor: 1300/1982
  factor: 400/2056
  factor: 1900/2058
  factor: 1300/2012
  factor: 1400/1982
  factor: 500/2056
  factor: 2000/2058
  factor: 1400/2012
  2026-05-18: meta=0 trend=0 factor=2045 (2058 候选, 247s)
  [2026-05-19] 开始...
  factor: 1500/1982
  factor: 600/2056
  factor: 1500/2012
  factor: 100/2057
  factor: 1600/1982
  factor: 700/2056
  factor: 1600/2012
  factor: 200/2057
  factor: 1700/1982
  factor: 800/2056
  factor: 1700/2012
  factor: 300/2057
  factor: 1800/1982
  factor: 900/2056
  factor: 1800/2012
  factor: 400/2057
  factor: 1900/1982
  factor: 1000/2056
  factor: 1900/2012
  2026-06-01: meta=0 trend=0 factor=1972 (1982 候选, 243s)
  [2026-06-02] 开始...
  factor: 500/2057
  factor: 1100/2056
  factor: 2000/2012
  2026-05-25: meta=0 trend=0 factor=2001 (2012 候选, 246s)
  [2026-05-26] 开始...
  factor: 600/2057
  factor: 100/1979
  factor: 1200/2056
  factor: 100/1997
  factor: 700/2057
  factor: 200/1979
  factor: 1300/2056
  factor: 200/1997
  factor: 800/2057
  factor: 300/1979
  factor: 1400/2056
  factor: 300/1997
  factor: 900/2057
  factor: 400/1979
  factor: 1500/2056
  factor: 400/1997
  factor: 1000/2057
  factor: 500/1979
  factor: 1600/2056
  factor: 500/1997
  factor: 1100/2057
  factor: 600/1979
  factor: 1700/2056
  factor: 600/1997
  factor: 1200/2057
  factor: 700/1979
  factor: 1800/2056
  factor: 700/1997
  factor: 1300/2057
  factor: 800/1979
  factor: 1900/2056
  factor: 800/1997
  factor: 1400/2057
  factor: 900/1979
  factor: 2000/2056
  factor: 1500/2057
  factor: 900/1997
  2026-05-12: meta=0 trend=0 factor=2043 (2056 候选, 253s)
  [2026-06-03] 开始...
  factor: 1000/1979
  factor: 1600/2057
  factor: 1000/1997
  factor: 100/1964
  factor: 1100/1979
  factor: 1700/2057
  factor: 1100/1997
  factor: 200/1964
  factor: 1200/1979
  factor: 1800/2057
  factor: 1200/1997
  factor: 300/1964
  factor: 1300/1979
  factor: 1900/2057
  factor: 1300/1997
  factor: 400/1964
  factor: 1400/1979
  factor: 2000/2057
  factor: 1400/1997
  factor: 500/1964
  factor: 1500/1979
  2026-05-19: meta=0 trend=0 factor=2044 (2057 候选, 250s)
  [2026-06-10] 开始...
  factor: 1500/1997
  factor: 600/1964
  factor: 1600/1979
  factor: 100/1291
  factor: 1600/1997
  factor: 700/1964
  factor: 1700/1979
  factor: 200/1291
  factor: 1700/1997
  factor: 800/1964
  factor: 1800/1979
  factor: 300/1291
  factor: 1800/1997
  factor: 900/1964
  factor: 1900/1979
  factor: 400/1291
  2026-06-02: meta=0 trend=0 factor=1969 (1979 候选, 247s)
  [2026-06-17] 开始...
  factor: 1900/1997
  factor: 1000/1964
  factor: 500/1291
  2026-05-26: meta=0 trend=0 factor=1987 (1997 候选, 249s)
  factor: 100/337
  factor: 1100/1964
  factor: 600/1291
  factor: 200/337
  factor: 1200/1964
  factor: 700/1291
  factor: 300/337
  2026-06-17: meta=0 trend=0 factor=337 (337 候选, 39s)
  factor: 1300/1964
  factor: 800/1291
  factor: 1400/1964
  factor: 900/1291
  factor: 1500/1964
  factor: 1000/1291
  factor: 1600/1964
  factor: 1100/1291
  factor: 1700/1964
  factor: 1200/1291
  factor: 1800/1964
  2026-06-10: meta=0 trend=0 factor=1286 (1291 候选, 160s)
  [2026-06-11] 开始...
  factor: 1900/1964
  factor: 100/1291
  2026-06-03: meta=0 trend=0 factor=1954 (1964 候选, 242s)
  [2026-06-04] 开始...
  factor: 200/1291
  factor: 100/1953
  factor: 300/1291
  factor: 200/1953
  factor: 400/1291
  factor: 300/1953
  factor: 500/1291
  factor: 400/1953
  factor: 600/1291
  factor: 500/1953
  factor: 700/1291
  factor: 600/1953
  factor: 800/1291
  factor: 700/1953
  factor: 900/1291
  factor: 800/1953
  factor: 1000/1291
  factor: 900/1953
  factor: 1100/1291
  factor: 1000/1953
  factor: 1200/1291
  factor: 1100/1953
  2026-06-11: meta=0 trend=0 factor=1286 (1291 候选, 156s)
  [2026-06-12] 开始...
  factor: 1200/1953
  factor: 100/1286
  factor: 1300/1953
  factor: 200/1286
  factor: 1400/1953
  factor: 300/1286
  factor: 1500/1953
  factor: 400/1286
  factor: 1600/1953
  factor: 500/1286
  factor: 1700/1953
  factor: 600/1286
  factor: 1800/1953
  factor: 700/1286
  factor: 1900/1953
  2026-06-04: meta=0 trend=0 factor=1943 (1953 候选, 236s)
  [2026-06-05] 开始...
  factor: 800/1286
  factor: 100/1935
  factor: 900/1286
  factor: 200/1935
  factor: 1000/1286
  factor: 300/1935
  factor: 1100/1286
  factor: 400/1935
  factor: 1200/1286
  factor: 500/1935
  2026-06-12: meta=0 trend=0 factor=1281 (1286 候选, 156s)
  [2026-06-15] 开始...
  factor: 600/1935
  factor: 100/1273
  factor: 700/1935
  factor: 200/1273
  factor: 800/1935
  factor: 300/1273
  factor: 900/1935
  factor: 400/1273
  factor: 1000/1935
  factor: 500/1273
  factor: 1100/1935
  factor: 600/1273
  factor: 1200/1935
  factor: 700/1273
  factor: 1300/1935
  factor: 800/1273
  factor: 1400/1935
  factor: 900/1273
  factor: 1500/1935
  factor: 1000/1273
  factor: 1600/1935
  factor: 1100/1273
  factor: 1700/1935
  factor: 1200/1273
  2026-06-15: meta=0 trend=0 factor=1268 (1273 候选, 154s)
  [2026-06-16] 开始...
  factor: 1800/1935
  factor: 100/1182
  factor: 1900/1935
  2026-06-05: meta=0 trend=0 factor=1926 (1935 候选, 233s)
  [2026-06-08] 开始...
  factor: 200/1182
  factor: 100/1902
  factor: 300/1182
  factor: 400/1182
  factor: 200/1902
  factor: 500/1182
  factor: 600/1182
  factor: 300/1902
  factor: 700/1182
  factor: 400/1902
  factor: 800/1182
  factor: 900/1182
  factor: 500/1902
  factor: 1000/1182
  factor: 1100/1182
  factor: 600/1902
  2026-06-16: meta=0 trend=0 factor=1178 (1182 候选, 89s)
  factor: 700/1902
  factor: 800/1902
  factor: 900/1902
  factor: 1000/1902
  factor: 1100/1902
  factor: 1200/1902
  factor: 1300/1902
  factor: 1400/1902
  factor: 1500/1902
  factor: 1600/1902
  factor: 1700/1902
  factor: 1800/1902
  2026-06-08: meta=0 trend=0 factor=1895 (1902 候选, 210s)
  [2026-06-09] 开始...
  factor: 100/1315
  factor: 200/1315
  factor: 300/1315
  factor: 400/1315
  factor: 500/1315
  factor: 600/1315
  factor: 700/1315
  factor: 800/1315
  factor: 900/1315
  factor: 1000/1315
  factor: 1100/1315
  factor: 1200/1315
  factor: 1300/1315
  2026-06-09: meta=0 trend=0 factor=1310 (1315 候选, 144s)

完成: 74/76 天, meta=0 trends=0 factors=254205
