nohup: ignoring input
预计算 v3: 2026-03-02 → 2026-06-11 (72 天) | trends | workers=4
  [2026-03-23] 开始...
  [2026-03-09] 开始...
  [2026-03-16] 开始...
  [2026-03-02] 开始...
  trend: 100/5185
  trend: 100/5185
  trend: 100/5185
  trend: 100/5177
nohup: ignoring input
预计算 v3: 2026-03-02 → 2026-06-15 (74 天) | trends | workers=4
  [2026-03-02] 开始...
  [2026-03-16] 开始...
  [2026-03-23] 开始...
  [2026-03-09] 开始...
  trend: 200/5185
  trend: 200/5185
  trend: 200/5185
  trend: 200/5177
  trend: 100/5177
  trend: 100/5185
  trend: 100/5185
  trend: 100/5185
  trend: 300/5185
  trend: 300/5185
  trend: 300/5185
  trend: 300/5177
  trend: 200/5177
  trend: 200/5185
  trend: 200/5185
  trend: 200/5185
  trend: 400/5185
  trend: 400/5185
  trend: 400/5185
  trend: 400/5177
  trend: 300/5185
  trend: 300/5185
  trend: 300/5177
  trend: 300/5185
  trend: 500/5185
  trend: 500/5185
  trend: 500/5185
  trend: 500/5177
  trend: 400/5185
  trend: 400/5185
  trend: 400/5177
  trend: 400/5185
  trend: 600/5185
  trend: 600/5185
  trend: 600/5185
  trend: 500/5185
  trend: 600/5177
  trend: 500/5185
  trend: 500/5177
  trend: 500/5185
  trend: 700/5185
  trend: 700/5185
  trend: 700/5185
  trend: 700/5177
  trend: 600/5185
  trend: 600/5185
  trend: 600/5177
  trend: 600/5185
  trend: 800/5185
  trend: 800/5185
  trend: 800/5185
  trend: 700/5185
  trend: 800/5177
  trend: 700/5185
  trend: 700/5177
  trend: 700/5185
  trend: 900/5185
  trend: 900/5185
  trend: 900/5185
  trend: 900/5177
  trend: 800/5185
  trend: 800/5185
  trend: 800/5185
  trend: 800/5177
  trend: 1000/5185
  trend: 1000/5185
  trend: 1000/5185
  trend: 900/5185
  trend: 900/5185
  trend: 1000/5177
  trend: 900/5185
  trend: 900/5177
  trend: 1100/5185
  trend: 1100/5185
  trend: 1100/5185
  trend: 1000/5185
  trend: 1000/5185
  trend: 1000/5185
  trend: 1100/5177
  trend: 1000/5177
  trend: 1200/5185
  trend: 1200/5185
  trend: 1200/5185
  trend: 1100/5185
  trend: 1100/5185
  trend: 1200/5177
  trend: 1100/5177
  trend: 1100/5185
  trend: 1300/5185
  trend: 1300/5185
  trend: 1300/5185
  trend: 1200/5185
  trend: 1300/5177
  trend: 1200/5185
  trend: 1200/5185
  trend: 1200/5177
  trend: 1400/5185
  trend: 1400/5185
  trend: 1400/5185
  trend: 1300/5185
  trend: 1400/5177
  trend: 1300/5177
  trend: 1300/5185
  trend: 1300/5185
  trend: 1500/5185
  trend: 1500/5185
  trend: 1500/5185
  trend: 1500/5177
  trend: 1400/5177
  trend: 1400/5185
  trend: 1400/5185
  trend: 1400/5185
  trend: 1600/5185
  trend: 1600/5185
  trend: 1600/5185
  trend: 1500/5177
  trend: 1600/5177
  trend: 1500/5185
  trend: 1500/5185
  trend: 1700/5185
  trend: 1700/5185
  trend: 1500/5185
  trend: 1700/5185
  trend: 1600/5185
  trend: 1600/5177
  trend: 1800/5185
  trend: 1600/5185
  trend: 1700/5177
  trend: 1600/5185
  trend: 1800/5185
  trend: 1800/5185
  trend: 1700/5177
  trend: 1900/5185
  trend: 1700/5185
  trend: 1700/5185
  trend: 1800/5177
  trend: 1900/5185
  trend: 1700/5185
  trend: 1900/5185
  trend: 1800/5177
  trend: 2000/5185
  trend: 1800/5185
  trend: 1900/5177
  trend: 1800/5185
  trend: 1800/5185
  trend: 2000/5185
  trend: 2000/5185
  trend: 1900/5177
  trend: 1900/5185
  trend: 2100/5185
  trend: 1900/5185
  trend: 1900/5185
  trend: 2100/5185
  trend: 2000/5177
  trend: 2100/5185
  trend: 2000/5177
  trend: 2000/5185
  trend: 2200/5185
  trend: 2000/5185
  trend: 2200/5185
  trend: 2000/5185
  trend: 2100/5177
  trend: 2200/5185
  trend: 2100/5177
  trend: 2300/5185
  trend: 2300/5185
  trend: 2100/5185
  trend: 2100/5185
  trend: 2200/5177
  trend: 2100/5185
  trend: 2300/5185
  trend: 2200/5177
  trend: 2400/5185
  trend: 2400/5185
  trend: 2200/5185
  trend: 2300/5177
  trend: 2200/5185
  trend: 2200/5185
  trend: 2400/5185
  trend: 2300/5177
  trend: 2500/5185
  trend: 2300/5185
  trend: 2500/5185
  trend: 2400/5177
  trend: 2300/5185
  trend: 2300/5185
  trend: 2500/5185
  trend: 2400/5177
  trend: 2600/5185
  trend: 2400/5185
  trend: 2600/5185
  trend: 2500/5177
  trend: 2400/5185
  trend: 2400/5185
  trend: 2600/5185
  trend: 2500/5177
  trend: 2700/5185
  trend: 2500/5185
  trend: 2600/5177
  trend: 2700/5185
  trend: 2500/5185
  trend: 2500/5185
  trend: 2700/5185
  trend: 2600/5177
  trend: 2600/5185
  trend: 2700/5177
  trend: 2800/5185
  trend: 2800/5185
  trend: 2600/5185
  trend: 2600/5185
  trend: 2800/5185
  trend: 2700/5177
  trend: 2700/5185
  trend: 2800/5177
  trend: 2900/5185
  trend: 2900/5185
  trend: 2700/5185
  trend: 2700/5185
  trend: 2900/5185
  trend: 2800/5177
  trend: 2800/5185
  trend: 2900/5177
  trend: 3000/5185
  trend: 3000/5185
  trend: 2800/5185
  trend: 2800/5185
  trend: 3000/5185
  trend: 2900/5177
  trend: 3000/5177
  trend: 2900/5185
  trend: 3100/5185
  trend: 2900/5185
  trend: 3100/5185
  trend: 2900/5185
  trend: 3100/5185
  trend: 3000/5177
  trend: 3000/5185
  trend: 3200/5185
  trend: 3100/5177
  trend: 3000/5185
  trend: 3200/5185
  trend: 3000/5185
  trend: 3200/5185
  trend: 3100/5177
  trend: 3100/5185
  trend: 3200/5177
  trend: 3100/5185
  trend: 3300/5185
  trend: 3100/5185
  trend: 3300/5185
  trend: 3300/5185
  trend: 3200/5177
  trend: 3200/5185
  trend: 3300/5177
  trend: 3200/5185
  trend: 3200/5185
  trend: 3400/5185
  trend: 3400/5185
  trend: 3400/5185
  trend: 3300/5177
  trend: 3300/5185
  trend: 3400/5177
  trend: 3300/5185
  trend: 3500/5185
  trend: 3500/5185
  trend: 3500/5185
  trend: 3300/5185
  trend: 3400/5177
  trend: 3400/5185
  trend: 3500/5177
  trend: 3600/5185
  trend: 3400/5185
  trend: 3600/5185
  trend: 3600/5185
  trend: 3400/5185
  trend: 3500/5177
  trend: 3600/5177
  trend: 3500/5185
  trend: 3500/5185
  trend: 3700/5185
  trend: 3700/5185
  trend: 3500/5185
  trend: 3700/5185
  trend: 3600/5177
  trend: 3700/5177
  trend: 3600/5185
  trend: 3600/5185
  trend: 3800/5185
  trend: 3800/5185
  trend: 3700/5177
  trend: 3800/5185
  trend: 3600/5185
  trend: 3800/5177
  trend: 3900/5185
  trend: 3900/5185
nohup: ignoring input
预计算 v3: 2026-03-02 → 2026-06-15 (74 天) | trends | workers=4
  [2026-03-16] 开始...
  [2026-03-02] 开始...
  [2026-03-09] 开始...
  [2026-03-23] 开始...
  trend: 100/5177
  trend: 100/5185
  trend: 100/5185
  trend: 100/5185
  trend: 200/5185
  trend: 200/5177
  trend: 200/5185
  trend: 200/5185
  trend: 300/5185
  trend: 300/5177
  trend: 300/5185
  trend: 300/5185
  trend: 400/5185
  trend: 400/5185
  trend: 400/5185
  trend: 400/5177
  trend: 500/5185
  trend: 500/5185
  trend: 500/5177
  trend: 500/5185
  trend: 600/5185
  trend: 600/5185
  trend: 600/5177
  trend: 600/5185
  trend: 700/5185
  trend: 700/5185
  trend: 700/5177
  trend: 700/5185
  trend: 800/5185
  trend: 800/5185
  trend: 800/5177
  trend: 800/5185
  trend: 900/5185
  trend: 900/5185
  trend: 900/5177
  trend: 900/5185
  trend: 1000/5185
  trend: 1000/5185
  trend: 1000/5177
  trend: 1000/5185
  trend: 1100/5185
  trend: 1100/5185
  trend: 1100/5177
  trend: 1100/5185
  trend: 1200/5185
  trend: 1200/5185
  trend: 1200/5177
  trend: 1200/5185
  trend: 1300/5185
  trend: 1300/5185
  trend: 1300/5177
  trend: 1300/5185
  trend: 1400/5185
  trend: 1400/5185
  trend: 1400/5177
  trend: 1400/5185
  trend: 1500/5185
  trend: 1500/5185
  trend: 1500/5177
  trend: 1500/5185
  trend: 1600/5185
  trend: 1600/5185
  trend: 1600/5185
  trend: 1600/5177
  trend: 1700/5185
  trend: 1700/5185
  trend: 1700/5185
  trend: 1700/5177
  trend: 1800/5185
  trend: 1800/5185
  trend: 1800/5185
  trend: 1800/5177
  trend: 1900/5185
  trend: 1900/5185
  trend: 1900/5185
  trend: 1900/5177
  trend: 2000/5185
  trend: 2000/5185
  trend: 2000/5185
  trend: 2000/5177
  trend: 2100/5185
  trend: 2100/5185
  trend: 2100/5185
  trend: 2100/5177
  trend: 2200/5185
  trend: 2200/5185
  trend: 2200/5185
  trend: 2200/5177
  trend: 2300/5185
  trend: 2300/5185
  trend: 2300/5185
  trend: 2300/5177
  trend: 2400/5185
  trend: 2400/5185
  trend: 2400/5185
  trend: 2400/5177
  trend: 2500/5185
  trend: 2500/5185
  trend: 2500/5185
  trend: 2500/5177
  trend: 2600/5185
  trend: 2600/5185
  trend: 2600/5177
  trend: 2600/5185
  trend: 2700/5185
  trend: 2700/5185
  trend: 2700/5177
  trend: 2700/5185
  trend: 2800/5185
  trend: 2800/5185
  trend: 2800/5177
  trend: 2800/5185
  trend: 2900/5185
  trend: 2900/5185
  trend: 2900/5177
  trend: 2900/5185
  trend: 3000/5185
  trend: 3000/5185
  trend: 3000/5177
  trend: 3000/5185
  trend: 3100/5185
  trend: 3100/5185
  trend: 3100/5177
  trend: 3100/5185
  trend: 3200/5185
  trend: 3200/5185
  trend: 3200/5177
  trend: 3200/5185
  trend: 3300/5185
  trend: 3300/5185
  trend: 3300/5177
  trend: 3300/5185
  trend: 3400/5185
  trend: 3400/5185
  trend: 3400/5177
  trend: 3400/5185
  trend: 3500/5185
  trend: 3500/5185
  trend: 3500/5177
  trend: 3500/5185
  trend: 3600/5185
  trend: 3600/5185
  trend: 3600/5177
  trend: 3600/5185
  trend: 3700/5185
  trend: 3700/5185
  trend: 3700/5177
  trend: 3700/5185
  trend: 3800/5185
  trend: 3800/5185
  trend: 3800/5177
  trend: 3800/5185
  trend: 3900/5185
  trend: 3900/5177
  trend: 3900/5185
  trend: 4000/5185
  trend: 3900/5185
  trend: 4000/5177
  trend: 4000/5185
  trend: 4100/5185
  trend: 4000/5185
  trend: 4100/5177
  trend: 4100/5185
  trend: 4200/5185
  trend: 4100/5185
  trend: 4200/5177
  trend: 4200/5185
  trend: 4300/5185
  trend: 4200/5185
  trend: 4300/5177
  trend: 4300/5185
  trend: 4400/5185
  trend: 4300/5185
  trend: 4500/5185
  trend: 4400/5185
  trend: 4400/5177
  trend: 4400/5185
  trend: 4600/5185
  trend: 4500/5185
  trend: 4500/5177
  trend: 4500/5185
  trend: 4600/5185
  trend: 4600/5177
  trend: 4600/5185
  trend: 4700/5185
  trend: 4700/5185
  trend: 4700/5177
  trend: 4700/5185
  trend: 4800/5185
  trend: 4800/5177
  trend: 4800/5185
  trend: 4800/5185
  trend: 4900/5185
  trend: 4900/5177
  trend: 4900/5185
  trend: 4900/5185
  trend: 5000/5185
  2026-03-09: meta=0 trend=5053 factor=0 (5185 候选, 3976s)
  [2026-03-10] 开始...
  trend: 5000/5177
  trend: 5000/5185
  trend: 5000/5185
  2026-03-23: meta=0 trend=5054 factor=0 (5185 候选, 4037s)
  [2026-03-24] 开始...
  2026-03-02: meta=0 trend=5047 factor=0 (5177 候选, 4045s)
  [2026-03-03] 开始...
  2026-03-16: meta=0 trend=5055 factor=0 (5185 候选, 4046s)
  [2026-03-17] 开始...
  trend: 100/5183
  trend: 100/5183
  trend: 100/5182
  trend: 100/5179
  trend: 200/5183
  trend: 200/5182
  trend: 200/5183
  trend: 200/5179
  trend: 300/5183
  trend: 300/5179
  trend: 300/5183
  trend: 300/5182
  trend: 400/5183
  trend: 400/5179
  trend: 400/5183
  trend: 500/5183
  trend: 400/5182
  trend: 500/5179
  trend: 500/5182
  trend: 600/5183
  trend: 500/5183
  trend: 600/5179
  trend: 600/5182
  trend: 700/5183
  trend: 600/5183
  trend: 700/5179
  trend: 700/5182
  trend: 800/5183
  trend: 700/5183
  trend: 800/5183
  trend: 800/5179
  trend: 800/5182
  trend: 900/5183
  trend: 900/5183
  trend: 900/5182
  trend: 900/5179
  trend: 1000/5183
  trend: 1000/5183
  trend: 1000/5182
  trend: 1000/5179
  trend: 1100/5183
  trend: 1100/5183
  trend: 1100/5182
  trend: 1100/5179
  trend: 1200/5183
  trend: 1200/5183
  trend: 1200/5179
  trend: 1200/5182
  trend: 1300/5183
  trend: 1300/5183
  trend: 1300/5182
  trend: 1400/5183
  trend: 1300/5179
  trend: 1400/5183
  trend: 1400/5182
  trend: 1500/5183
  trend: 1400/5179
  trend: 1500/5183
  trend: 1600/5183
  trend: 1500/5182
  trend: 1500/5179
  trend: 1600/5183
  trend: 1700/5183
  trend: 1600/5182
  trend: 1600/5179
  trend: 1700/5183
  trend: 1800/5183
  trend: 1700/5182
  trend: 1700/5179
  trend: 1900/5183
  trend: 1800/5182
  trend: 1800/5183
  trend: 1800/5179
  trend: 2000/5183
  trend: 1900/5183
  trend: 1900/5182
  trend: 1900/5179
  trend: 2100/5183
  trend: 2000/5183
  trend: 2000/5182
  trend: 2000/5179
  trend: 2200/5183
  trend: 2100/5183
  trend: 2100/5182
  trend: 2100/5179
  trend: 2200/5183
  trend: 2200/5182
  trend: 2200/5179
  trend: 2300/5183
  trend: 2300/5183
  trend: 2300/5179
  trend: 2300/5182
  trend: 2400/5183
  trend: 2400/5179
  trend: 2500/5183
  trend: 2400/5183
  trend: 2400/5182
  trend: 2500/5179
  trend: 2500/5183
  trend: 2600/5183
  trend: 2500/5182
  trend: 2600/5183
  trend: 2600/5179
  trend: 2700/5183
  trend: 2600/5182
  trend: 2700/5179
  trend: 2700/5183
  trend: 2800/5183
  trend: 2700/5182
  trend: 2800/5183
  trend: 2800/5179
  trend: 2900/5183
  trend: 2800/5182
  trend: 2900/5183
  trend: 2900/5179
  trend: 3000/5183
  trend: 2900/5182
  trend: 3000/5183
  trend: 3000/5179
  trend: 3100/5183
  trend: 3000/5182
  trend: 3100/5183
  trend: 3100/5179
  trend: 3200/5183
  trend: 3100/5182
  trend: 3200/5183
  trend: 3200/5179
  trend: 3300/5183
  trend: 3200/5182
  trend: 3300/5183
  trend: 3300/5179
  trend: 3400/5183
  trend: 3300/5182
  trend: 3400/5183
  trend: 3400/5179
  trend: 3500/5183
  trend: 3400/5182
  trend: 3500/5183
  trend: 3500/5179
  trend: 3600/5183
  trend: 3500/5182
  trend: 3600/5183
  trend: 3600/5179
  trend: 3700/5183
  trend: 3600/5182
  trend: 3700/5183
  trend: 3700/5179
  trend: 3800/5183
  trend: 3700/5182
  trend: 3800/5179
  trend: 3800/5183
  trend: 3900/5183
  trend: 3800/5182
  trend: 3900/5183
  trend: 3900/5179
  trend: 4000/5183
  trend: 3900/5182
  trend: 4000/5179
  trend: 4000/5183
  trend: 4100/5183
  trend: 4000/5182
  trend: 4100/5183
  trend: 4100/5179
  trend: 4200/5183
  trend: 4100/5182
  trend: 4200/5183
  trend: 4200/5179
  trend: 4300/5183
  trend: 4200/5182
  trend: 4300/5183
  trend: 4300/5179
  trend: 4400/5183
  trend: 4300/5182
  trend: 4400/5183
  trend: 4500/5183
  trend: 4400/5179
  trend: 4400/5182
  trend: 4500/5183
  trend: 4600/5183
  trend: 4500/5179
  trend: 4500/5182
  trend: 4600/5183
  trend: 4700/5183
  trend: 4600/5179
  trend: 4600/5182
  trend: 4700/5183
  trend: 4800/5183
  trend: 4700/5179
  trend: 4700/5182
  trend: 4800/5183
  trend: 4900/5183
  trend: 4800/5179
  trend: 4800/5182
  trend: 4900/5183
  trend: 5000/5183
  trend: 4900/5179
  2026-03-10: meta=0 trend=5051 factor=0 (5183 候选, 4109s)
  [2026-03-11] 开始...
  trend: 4900/5182
  trend: 5000/5179
  trend: 5000/5183
  2026-03-03: meta=0 trend=5048 factor=0 (5179 候选, 4122s)
  [2026-03-04] 开始...
  2026-03-24: meta=0 trend=5051 factor=0 (5183 候选, 4133s)
  [2026-03-25] 开始...
  trend: 100/5186
  trend: 5000/5182
  2026-03-17: meta=0 trend=5052 factor=0 (5182 候选, 4181s)
  [2026-03-18] 开始...
  trend: 100/5180
  trend: 100/5184
  trend: 200/5186
  trend: 100/5182
  trend: 200/5180
  trend: 200/5184
  trend: 300/5186
  trend: 200/5182
  trend: 300/5180
  trend: 300/5184
  trend: 400/5186
  trend: 300/5182
  trend: 400/5180
  trend: 400/5184
  trend: 500/5186
  trend: 400/5182
  trend: 500/5180
  trend: 500/5184
  trend: 600/5186
  trend: 500/5182
  trend: 600/5184
  trend: 600/5180
  trend: 700/5186
  trend: 600/5182
  trend: 700/5184
  trend: 700/5180
  trend: 800/5186
  trend: 700/5182
  trend: 800/5184
  trend: 800/5180
  trend: 900/5186
  trend: 800/5182
  trend: 900/5184
  trend: 900/5180
  trend: 1000/5186
  trend: 900/5182
  trend: 1000/5180
  trend: 1000/5184
  trend: 1100/5186
  trend: 1000/5182
  trend: 1100/5180
  trend: 1100/5184
  trend: 1200/5186
  trend: 1100/5182
  trend: 1200/5184
  trend: 1200/5180
  trend: 1300/5186
  trend: 1200/5182
  trend: 1300/5184
  trend: 1300/5180
  trend: 1400/5186
  trend: 1300/5182
  trend: 1400/5180
  trend: 1400/5184
  trend: 1500/5186
  trend: 1400/5182
  trend: 1500/5180
  trend: 1500/5184
  trend: 1600/5186
  trend: 1500/5182
  trend: 1600/5180
  trend: 1600/5184
  trend: 1700/5186
  trend: 1600/5182
  trend: 1700/5180
  trend: 1800/5186
  trend: 1700/5184
  trend: 1700/5182
  trend: 1800/5180
  trend: 1900/5186
  trend: 1800/5184
  trend: 1800/5182
  trend: 1900/5180
  trend: 2000/5186
  trend: 1900/5184
  trend: 1900/5182
  trend: 2000/5180
  trend: 2100/5186
  trend: 2000/5184
  trend: 2000/5182
  trend: 2100/5180
  trend: 2200/5186
  trend: 2100/5184
  trend: 2100/5182
  trend: 2300/5186
  trend: 2200/5180
  trend: 2200/5184
  trend: 2200/5182
  trend: 2400/5186
  trend: 2300/5180
  trend: 2300/5184
  trend: 2300/5182
  trend: 2500/5186
  trend: 2400/5180
  trend: 2400/5184
  trend: 2400/5182
  trend: 2500/5180
  trend: 2600/5186
  trend: 2500/5184
  trend: 2500/5182
  trend: 2600/5180
  trend: 2700/5186
  trend: 2600/5184
  trend: 2600/5182
  trend: 2700/5180
  trend: 2800/5186
  trend: 2700/5184
  trend: 2700/5182
  trend: 2800/5180
  trend: 2900/5186
  trend: 2800/5184
  trend: 2800/5182
  trend: 2900/5180
  trend: 3000/5186
  trend: 2900/5184
  trend: 2900/5182
  trend: 3100/5186
  trend: 3000/5180
  trend: 3000/5184
  trend: 3000/5182
  trend: 3200/5186
  trend: 3100/5180
  trend: 3100/5184
  trend: 3100/5182
  trend: 3300/5186
  trend: 3200/5180
  trend: 3200/5184
  trend: 3200/5182
  trend: 3400/5186
  trend: 3300/5180
  trend: 3300/5184
  trend: 3500/5186
  trend: 3300/5182
  trend: 3400/5180
  trend: 3400/5184
  trend: 3600/5186
  trend: 3400/5182
  trend: 3500/5180
  trend: 3500/5184
  trend: 3700/5186
  trend: 3500/5182
  trend: 3600/5180
  trend: 3600/5184
  trend: 3800/5186
  trend: 3600/5182
  trend: 3700/5180
  trend: 3700/5184
  trend: 3900/5186
  trend: 3700/5182
  trend: 3800/5180
  trend: 3800/5184
  trend: 3800/5182
  trend: 4000/5186
  trend: 3900/5180
  trend: 3900/5184
  trend: 3900/5182
  trend: 4100/5186
  trend: 4000/5180
  trend: 4000/5182
  trend: 4200/5186
  trend: 4000/5184
  trend: 4100/5180
  trend: 4100/5182
  trend: 4300/5186
  trend: 4100/5184
  trend: 4200/5180
  trend: 4200/5182
  trend: 4400/5186
  trend: 4200/5184
  trend: 4300/5180
  trend: 4300/5182
  trend: 4500/5186
  trend: 4300/5184
  trend: 4400/5180
  trend: 4400/5182
  trend: 4600/5186
  trend: 4400/5184
  trend: 4500/5180
  trend: 4500/5182
  trend: 4700/5186
  trend: 4500/5184
  trend: 4600/5180
  trend: 4600/5182
  trend: 4800/5186
  trend: 4600/5184
  trend: 4700/5180
  trend: 4700/5182
  trend: 4900/5186
  trend: 4700/5184
  trend: 4800/5180
  trend: 4800/5182
  trend: 5000/5186
  trend: 4800/5184
  2026-03-11: meta=0 trend=5054 factor=0 (5186 候选, 4133s)
  [2026-03-12] 开始...
  trend: 4900/5180
  trend: 4900/5182
  trend: 4900/5184
  trend: 100/5186
  trend: 5000/5180
  trend: 5000/5182
  trend: 5000/5184
  2026-03-04: meta=0 trend=5048 factor=0 (5180 候选, 4186s)
  [2026-03-05] 开始...
  2026-03-18: meta=0 trend=5052 factor=0 (5182 候选, 4132s)
  [2026-03-19] 开始...
  2026-03-25: meta=0 trend=5052 factor=0 (5184 候选, 4211s)
  [2026-03-26] 开始...
  trend: 200/5186
  trend: 100/5181
  trend: 100/5182
  trend: 100/5183
  trend: 300/5186
  trend: 200/5181
  trend: 200/5182
  trend: 200/5183
  trend: 400/5186
  trend: 300/5181
  trend: 300/5182
  trend: 300/5183
  trend: 500/5186
  trend: 400/5181
  trend: 400/5182
  trend: 400/5183
  trend: 600/5186
  trend: 500/5181
  trend: 500/5182
  trend: 500/5183
  trend: 700/5186
  trend: 600/5181
  trend: 600/5182
  trend: 600/5183
  trend: 800/5186
  trend: 700/5181
  trend: 700/5182
  trend: 700/5183
  trend: 900/5186
  trend: 800/5181
  trend: 800/5182
  trend: 800/5183
  trend: 1000/5186
  trend: 900/5181
  trend: 900/5182
  trend: 900/5183
  trend: 1100/5186
  trend: 1000/5181
  trend: 1000/5182
  trend: 1000/5183
  trend: 1200/5186
  trend: 1100/5181
  trend: 1100/5182
  trend: 1100/5183
  trend: 1300/5186
  trend: 1200/5181
  trend: 1200/5182
  trend: 1200/5183
  trend: 1400/5186
  trend: 1300/5181
  trend: 1300/5182
  trend: 1300/5183
  trend: 1500/5186
  trend: 1400/5181
  trend: 1400/5182
  trend: 1400/5183
  trend: 1600/5186
  trend: 1500/5181
  trend: 1500/5182
  trend: 1700/5186
  trend: 1500/5183
  trend: 1600/5181
  trend: 1600/5182
  trend: 1800/5186
  trend: 1600/5183
  trend: 1700/5181
  trend: 1700/5182
  trend: 1900/5186
  trend: 1700/5183
  trend: 1800/5181
  trend: 1800/5182
  trend: 2000/5186
  trend: 1800/5183
  trend: 1900/5181
  trend: 1900/5182
  trend: 2100/5186
  trend: 1900/5183
  trend: 2000/5182
  trend: 2000/5181
  trend: 2000/5183
  trend: 2100/5182
  trend: 2200/5186
  trend: 2100/5181
  trend: 2100/5183
  trend: 2200/5182
  trend: 2300/5186
  trend: 2200/5181
  trend: 2200/5183
  trend: 2300/5182
  trend: 2300/5181
  trend: 2400/5186
  trend: 2300/5183
  trend: 2400/5182
  trend: 2400/5181
  trend: 2500/5186
  trend: 2400/5183
  trend: 2500/5182
  trend: 2500/5181
  trend: 2600/5186
  trend: 2500/5183
  trend: 2600/5182
  trend: 2600/5181
  trend: 2700/5186
  trend: 2600/5183
  trend: 2700/5182
  trend: 2700/5181
  trend: 2800/5186
  trend: 2700/5183
  trend: 2800/5182
  trend: 2800/5181
  trend: 2900/5186
  trend: 2800/5183
  trend: 2900/5182
  trend: 2900/5181
  trend: 3000/5186
  trend: 2900/5183
  trend: 3000/5182
  trend: 3000/5181
  trend: 3100/5186
  trend: 3000/5183
  trend: 3100/5182
  trend: 3100/5181
  trend: 3200/5186
  trend: 3100/5183
  trend: 3200/5182
  trend: 3200/5181
  trend: 3300/5186
  trend: 3300/5182
  trend: 3200/5183
  trend: 3300/5181
  trend: 3400/5186
  trend: 3300/5183
  trend: 3400/5182
  trend: 3400/5181
  trend: 3500/5186
  trend: 3400/5183
  trend: 3500/5182
  trend: 3500/5181
  trend: 3600/5186
  trend: 3500/5183
  trend: 3600/5182
  trend: 3600/5181
  trend: 3700/5186
  trend: 3600/5183
  trend: 3700/5182
  trend: 3700/5181
  trend: 3800/5186
  trend: 3700/5183
  trend: 3800/5182
  trend: 3800/5181
  trend: 3900/5186
  trend: 3900/5182
  trend: 3800/5183
  trend: 3900/5181
  trend: 4000/5186
  trend: 4000/5182
  trend: 3900/5183
  trend: 4100/5186
  trend: 4000/5181
  trend: 4000/5183
  trend: 4100/5182
  trend: 4200/5186
  trend: 4100/5181
  trend: 4100/5183
  trend: 4200/5182
  trend: 4300/5186
  trend: 4200/5181
  trend: 4200/5183
  trend: 4300/5182
  trend: 4400/5186
  trend: 4300/5181
  trend: 4300/5183
  trend: 4400/5182
  trend: 4500/5186
  trend: 4400/5181
  trend: 4400/5183
  trend: 4500/5182
  trend: 4500/5181
  trend: 4600/5186
  trend: 4500/5183
  trend: 4600/5182
  trend: 4600/5181
  trend: 4700/5186
  trend: 4600/5183
  trend: 4700/5182
  trend: 4700/5183
  trend: 4700/5181
  trend: 4800/5186
  trend: 4800/5182
  trend: 4800/5183
  trend: 4800/5181
  trend: 4900/5186
  trend: 4900/5182
  trend: 4900/5183
  trend: 4900/5181
  trend: 5000/5186
  trend: 5000/5182
  2026-03-12: meta=0 trend=5054 factor=0 (5186 候选, 4397s)
  [2026-03-13] 开始...
  trend: 5000/5183
  2026-03-19: meta=0 trend=5052 factor=0 (5182 候选, 4288s)
  [2026-03-20] 开始...
  trend: 5000/5181
  2026-03-26: meta=0 trend=5051 factor=0 (5183 候选, 4299s)
  [2026-03-27] 开始...
  trend: 100/5185
  2026-03-05: meta=0 trend=5049 factor=0 (5181 候选, 4360s)
  [2026-03-06] 开始...
  trend: 100/5183
  trend: 100/5179
  trend: 200/5185
  trend: 100/5182
  trend: 200/5183
  trend: 200/5179
  trend: 300/5185
  trend: 200/5182
  trend: 300/5183
  trend: 300/5179
  trend: 400/5185
  trend: 300/5182
  trend: 400/5183
  trend: 400/5179
  trend: 500/5185
  trend: 400/5182
  trend: 500/5183
  trend: 500/5179
  trend: 600/5185
  trend: 500/5182
  trend: 600/5183
  trend: 700/5185
  trend: 600/5179
  trend: 600/5182
  trend: 700/5183
  trend: 800/5185
  trend: 700/5179
  trend: 700/5182
  trend: 900/5185
  trend: 800/5183
  trend: 800/5179
  trend: 800/5182
  trend: 1000/5185
  trend: 900/5179
  trend: 900/5183
  trend: 900/5182
  trend: 1100/5185
  trend: 1000/5183
  trend: 1000/5179
  trend: 1000/5182
  trend: 1200/5185
  trend: 1100/5183
  trend: 1100/5179
  trend: 1100/5182
  trend: 1200/5183
  trend: 1200/5179
  trend: 1300/5185
  trend: 1200/5182
  trend: 1300/5183
  trend: 1400/5185
  trend: 1300/5179
  trend: 1300/5182
  trend: 1400/5183
  trend: 1400/5179
  trend: 1500/5185
  trend: 1400/5182
  trend: 1500/5183
  trend: 1500/5179
  trend: 1500/5182
  trend: 1600/5185
  trend: 1600/5183
  trend: 1600/5182
  trend: 1600/5179
  trend: 1700/5185
  trend: 1700/5183
  trend: 1700/5182
  trend: 1700/5179
  trend: 1800/5185
  trend: 1800/5183
  trend: 1800/5179
  trend: 1800/5182
  trend: 1900/5185
  trend: 1900/5183
  trend: 1900/5182
  trend: 1900/5179
  trend: 2000/5185
  trend: 2000/5183
  trend: 2000/5182
  trend: 2000/5179
  trend: 2100/5185
  trend: 2100/5183
  trend: 2100/5182
  trend: 2100/5179
  trend: 2200/5185
  trend: 2200/5183
  trend: 2200/5182
  trend: 2300/5185
  trend: 2200/5179
  trend: 2300/5183
  trend: 2300/5182
  trend: 2400/5185
  trend: 2300/5179
  trend: 2400/5183
  trend: 2500/5185
  trend: 2400/5182
  trend: 2400/5179
  trend: 2500/5183
  trend: 2500/5182
  trend: 2600/5185
  trend: 2500/5179
  trend: 2600/5183
  trend: 2600/5182
  trend: 2700/5185
  trend: 2600/5179
  trend: 2700/5183
  trend: 2700/5182
  trend: 2800/5185
  trend: 2700/5179
  trend: 2800/5183
  trend: 2800/5182
  trend: 2900/5185
  trend: 2800/5179
  trend: 2900/5183
  trend: 2900/5182
  trend: 2900/5179
  trend: 3000/5185
  trend: 3000/5183
  trend: 3000/5182
  trend: 3100/5185
  trend: 3000/5179
  trend: 3100/5183
  trend: 3100/5182
  trend: 3200/5185
  trend: 3100/5179
  trend: 3200/5183
  trend: 3200/5182
  trend: 3300/5185
  trend: 3200/5179
  trend: 3300/5183
  trend: 3300/5182
  trend: 3400/5185
  trend: 3300/5179
  trend: 3400/5183
  trend: 3400/5182
  trend: 3500/5185
  trend: 3400/5179
  trend: 3500/5183
  trend: 3500/5182
  trend: 3500/5179
  trend: 3600/5185
  trend: 3600/5183
  trend: 3600/5179
  trend: 3700/5185
  trend: 3600/5182
  trend: 3700/5183
  trend: 3700/5179
  trend: 3800/5185
  trend: 3700/5182
  trend: 3800/5183
  trend: 3800/5179
  trend: 3900/5185
  trend: 3800/5182
  trend: 3900/5183
  trend: 3900/5179
  trend: 4000/5185
  trend: 3900/5182
  trend: 4000/5183
  trend: 4000/5179
  trend: 4100/5185
  trend: 4000/5182
  trend: 4100/5183
  trend: 4100/5179
  trend: 4200/5185
  trend: 4100/5182
  trend: 4200/5183
  trend: 4200/5179
  trend: 4300/5185
  trend: 4200/5182
  trend: 4300/5183
  trend: 4300/5179
  trend: 4400/5185
  trend: 4300/5182
  trend: 4400/5183
  trend: 4400/5179
  trend: 4500/5185
  trend: 4400/5182
  trend: 4500/5183
  trend: 4500/5179
  trend: 4600/5185
  trend: 4500/5182
  trend: 4600/5183
  trend: 4600/5179
  trend: 4700/5185
  trend: 4600/5182
  trend: 4700/5183
  trend: 4700/5179
  trend: 4800/5185
  trend: 4700/5182
  trend: 4800/5183
  trend: 4800/5179
  trend: 4900/5185
  trend: 4800/5182
  trend: 4900/5183
  trend: 4900/5179
  trend: 5000/5185
  trend: 4900/5182
  2026-03-13: meta=0 trend=5054 factor=0 (5185 候选, 4952s)
  [2026-03-30] 开始...
  trend: 5000/5179
  trend: 5000/5183
  trend: 5000/5182
  2026-03-27: meta=0 trend=5048 factor=0 (5179 候选, 4956s)
  [2026-04-07] 开始...
  2026-03-20: meta=0 trend=5052 factor=0 (5183 候选, 5001s)
  [2026-04-14] 开始...
  2026-03-06: meta=0 trend=5050 factor=0 (5182 候选, 4956s)
  [2026-04-21] 开始...
  trend: 100/5176
  trend: 100/5192
  trend: 100/5181
  trend: 100/2847
  trend: 200/5176
  trend: 200/5192
  trend: 200/5181
  trend: 200/2847
  trend: 300/5176
  trend: 300/5192
  trend: 300/5181
  trend: 400/5176
  trend: 300/2847
  trend: 400/5192
  trend: 400/5181
  trend: 400/2847
  trend: 500/5176
  trend: 500/5192
  trend: 500/5181
  trend: 500/2847
  trend: 600/5176
  trend: 600/5192
  trend: 600/2847
  trend: 700/5176
  trend: 600/5181
  trend: 700/5192
  trend: 700/2847
  trend: 800/5176
  trend: 700/5181
  trend: 800/5192
  trend: 800/2847
  trend: 900/5176
  trend: 800/5181
  trend: 900/5192
  trend: 900/2847
  trend: 1000/5176
  trend: 900/5181
  trend: 1000/5192
  trend: 1000/2847
  trend: 1100/5176
  trend: 1000/5181
  trend: 1100/5192
  trend: 1100/2847
  trend: 1200/5176
  trend: 1100/5181
  trend: 1200/5192
  trend: 1200/2847
  trend: 1300/5176
  trend: 1200/5181
  trend: 1300/5192
  trend: 1400/5176
  trend: 1300/2847
  trend: 1300/5181
  trend: 1400/5192
  trend: 1500/5176
  trend: 1400/2847
  trend: 1400/5181
  trend: 1500/5192
  trend: 1600/5176
  trend: 1500/5181
  trend: 1500/2847
  trend: 1600/5192
  trend: 1700/5176
  trend: 1600/5181
  trend: 1600/2847
  trend: 1700/5192
  trend: 1800/5176
  trend: 1700/5181
  trend: 1700/2847
  trend: 1800/5192
  trend: 1900/5176
  trend: 1800/5181
  trend: 1800/2847
  trend: 1900/5192
  trend: 2000/5176
  trend: 1900/5181
  trend: 1900/2847
  trend: 2000/5192
  trend: 2100/5176
  trend: 2000/5181
  trend: 2000/2847
  trend: 2100/5192
  trend: 2100/5181
  trend: 2200/5176
  trend: 2100/2847
  trend: 2200/5192
  trend: 2200/5181
  trend: 2300/5176
  trend: 2200/2847
  trend: 2300/5192
  trend: 2300/5181
  trend: 2400/5176
  trend: 2300/2847
  trend: 2400/5192
  trend: 2500/5176
  trend: 2400/5181
  trend: 2400/2847
  trend: 2500/5192
  trend: 2500/5181
  trend: 2600/5176
  trend: 2500/2847
  trend: 2600/5192
  trend: 2700/5176
  trend: 2600/5181
  trend: 2600/2847
  trend: 2700/5192
  trend: 2700/2847
  trend: 2800/5176
  trend: 2700/5181
  trend: 2800/5192
  trend: 2800/2847
  trend: 2900/5176
  trend: 2800/5181
  2026-04-21: meta=0 trend=2828 factor=0 (2847 候选, 2847s)
  [2026-04-22] 开始...
  trend: 2900/5192
  trend: 3000/5176
  trend: 2900/5181
  trend: 100/2845
  trend: 3000/5192
  trend: 3100/5176
  trend: 3000/5181
  trend: 200/2845
  trend: 3100/5192
  trend: 3200/5176
  trend: 3100/5181
  trend: 300/2845
  trend: 3200/5192
  trend: 3200/5181
  trend: 3300/5176
  trend: 400/2845
  trend: 3300/5192
  trend: 3400/5176
  trend: 3300/5181
  trend: 500/2845
  trend: 3400/5192
  trend: 3400/5181
  trend: 3500/5176
  trend: 600/2845
  trend: 3500/5192
  trend: 3500/5181
  trend: 3600/5176
  trend: 700/2845
  trend: 3600/5192
  trend: 3600/5181
  trend: 3700/5176
  trend: 800/2845
  trend: 3700/5192
  trend: 3700/5181
  trend: 3800/5176
  trend: 900/2845
  trend: 3800/5192
  trend: 3800/5181
  trend: 3900/5176
  trend: 1000/2845
  trend: 3900/5192
  trend: 3900/5181
  trend: 4000/5176
  trend: 1100/2845
  trend: 4000/5192
  trend: 4000/5181
  trend: 4100/5176
  trend: 1200/2845
  trend: 4100/5192
  trend: 4100/5181
  trend: 4200/5176
  trend: 4200/5192
  trend: 1300/2845
  trend: 4200/5181
  trend: 4300/5176
  trend: 4300/5192
  trend: 1400/2845
  trend: 4300/5181
  trend: 4400/5176
  trend: 4400/5192
  trend: 1500/2845
  trend: 4400/5181
  trend: 4500/5176
  trend: 4500/5192
  trend: 1600/2845
  trend: 4500/5181
  trend: 4600/5176
  trend: 4600/5192
  trend: 1700/2845
  trend: 4600/5181
  trend: 4700/5176
  trend: 4700/5192
  trend: 1800/2845
  trend: 4700/5181
  trend: 4800/5176
  trend: 4800/5192
  trend: 1900/2845
  trend: 4800/5181
  trend: 4900/5176
  trend: 4900/5192
  trend: 2000/2845
  trend: 4900/5181
  trend: 5000/5176
  trend: 5000/5192
  trend: 2100/2845
  2026-03-30: meta=0 trend=5047 factor=0 (5176 候选, 4988s)
  [2026-03-31] 开始...
  2026-04-14: meta=0 trend=5062 factor=0 (5192 候选, 4933s)
  [2026-04-15] 开始...
  trend: 5000/5181
  trend: 2200/2845
  2026-04-07: meta=0 trend=5050 factor=0 (5181 候选, 5012s)
  [2026-04-08] 开始...
  trend: 100/5181
  trend: 100/5190
  trend: 2300/2845
  trend: 100/5188
  trend: 200/5181
  trend: 200/5190
  trend: 200/5188
  trend: 300/5181
  trend: 2400/2845
  trend: 300/5190
  trend: 400/5181
  trend: 300/5188
  trend: 2500/2845
  trend: 400/5190
  trend: 500/5181
  trend: 400/5188
  trend: 2600/2845
  trend: 500/5190
  trend: 600/5181
  trend: 500/5188
  trend: 2700/2845
  trend: 600/5190
  trend: 700/5181
  trend: 600/5188
  trend: 2800/2845
  2026-04-22: meta=0 trend=2827 factor=0 (2845 候选, 2682s)
  [2026-04-23] 开始...
  trend: 700/5190
  trend: 800/5181
  trend: 700/5188
  trend: 800/5190
  trend: 100/2844
  trend: 800/5188
  trend: 900/5181
  trend: 900/5190
  trend: 200/2844
  trend: 900/5188
  trend: 1000/5181
  trend: 300/2844
  trend: 1000/5190
  trend: 1000/5188
  trend: 1100/5181
  trend: 1100/5190
  trend: 400/2844
  trend: 1100/5188
  trend: 1200/5181
  trend: 1200/5190
  trend: 500/2844
  trend: 1200/5188
  trend: 1300/5181
  trend: 1300/5190
  trend: 600/2844
  trend: 1300/5188
  trend: 1400/5181
  trend: 1400/5190
  trend: 700/2844
  trend: 1400/5188
  trend: 1500/5181
  trend: 1500/5190
  trend: 800/2844
  trend: 1500/5188
  trend: 1600/5181
  trend: 1600/5190
  trend: 900/2844
  trend: 1600/5188
  trend: 1700/5181
  trend: 1700/5190
  trend: 1000/2844
  trend: 1700/5188
  trend: 1800/5181
  trend: 1800/5190
  trend: 1100/2844
  trend: 1800/5188
  trend: 1900/5181
  trend: 1900/5190
  trend: 1200/2844
  trend: 1900/5188
  trend: 2000/5181
  trend: 2000/5190
  trend: 1300/2844
  trend: 2000/5188
  trend: 2100/5181
  trend: 2100/5190
  trend: 1400/2844
  trend: 2100/5188
  trend: 2200/5181
  trend: 2200/5190
  trend: 1500/2844
  trend: 2200/5188
  trend: 2300/5181
  trend: 2300/5190
  trend: 2300/5188
  trend: 1600/2844
  trend: 2400/5181
  trend: 2400/5190
  trend: 2400/5188
  trend: 1700/2844
  trend: 2500/5181
  trend: 2500/5190
  trend: 2500/5188
  trend: 1800/2844
  trend: 2600/5181
  trend: 2600/5190
  trend: 2600/5188
  trend: 1900/2844
  trend: 2700/5181
  trend: 2700/5190
  trend: 2700/5188
  trend: 2000/2844
  trend: 2800/5181
  trend: 2800/5190
  trend: 2800/5188
  trend: 2100/2844
  trend: 2900/5181
  trend: 2900/5190
  trend: 2900/5188
  trend: 2200/2844
  trend: 3000/5190
  trend: 3000/5181
  trend: 3000/5188
  trend: 2300/2844
  trend: 3100/5190
  trend: 3100/5181
  trend: 3100/5188
  trend: 2400/2844
  trend: 3200/5181
  trend: 3200/5190
  trend: 3200/5188
  trend: 2500/2844
  trend: 3300/5181
  trend: 3300/5190
  trend: 3300/5188
  trend: 2600/2844
  trend: 3400/5181
  trend: 3400/5188
  trend: 3400/5190
  trend: 2700/2844
  trend: 3500/5181
  trend: 3500/5190
  trend: 3500/5188
  trend: 2800/2844
  trend: 3600/5181
  2026-04-23: meta=0 trend=2825 factor=0 (2844 候选, 2435s)
  [2026-04-24] 开始...
  trend: 3600/5190
  trend: 3600/5188
  trend: 3700/5181
  trend: 100/2847
  trend: 3700/5190
  trend: 3700/5188
  trend: 3800/5181
  trend: 200/2847
  trend: 3800/5190
  trend: 3800/5188
  trend: 300/2847
  trend: 3900/5181
  trend: 3900/5190
  trend: 3900/5188
  trend: 400/2847
  trend: 4000/5190
  trend: 4000/5188
  trend: 4000/5181
  trend: 500/2847
  trend: 4100/5190
  trend: 4100/5188
  trend: 4100/5181
  trend: 600/2847
  trend: 4200/5190
  trend: 4200/5188
  trend: 4200/5181
  trend: 700/2847
  trend: 4300/5190
  trend: 4300/5188
  trend: 4300/5181
  trend: 800/2847
  trend: 4400/5190
  trend: 4400/5188
  trend: 4400/5181
  trend: 900/2847
  trend: 4500/5190
  trend: 4500/5188
  trend: 4500/5181
  trend: 1000/2847
  trend: 4600/5190
  trend: 4600/5188
  trend: 4600/5181
  trend: 1100/2847
  trend: 4700/5188
  trend: 4700/5190
  trend: 4700/5181
  trend: 1200/2847
  trend: 4800/5188
  trend: 4800/5190
  trend: 4800/5181
  trend: 1300/2847
  trend: 4900/5188
  trend: 4900/5190
  trend: 4900/5181
  trend: 1400/2847
  trend: 5000/5188
  trend: 5000/5190
  trend: 5000/5181
  trend: 1500/2847
  2026-04-08: meta=0 trend=5057 factor=0 (5188 候选, 4204s)
  [2026-04-09] 开始...
  2026-04-15: meta=0 trend=5060 factor=0 (5190 候选, 4278s)
  [2026-04-16] 开始...
  2026-03-31: meta=0 trend=5051 factor=0 (5181 候选, 4309s)
  [2026-04-01] 开始...
  trend: 1600/2847
  trend: 100/5189
  trend: 100/5193
  trend: 100/5184
  trend: 200/5189
  trend: 1700/2847
  trend: 200/5193
  trend: 200/5184
  trend: 300/5189
  trend: 1800/2847
  trend: 300/5193
  trend: 300/5184
  trend: 1900/2847
  trend: 400/5189
  trend: 400/5193
  trend: 400/5184
  trend: 500/5189
  trend: 2000/2847
  trend: 500/5193
  trend: 500/5184
  trend: 600/5189
  trend: 2100/2847
  trend: 600/5193
  trend: 600/5184
  trend: 2200/2847
  trend: 700/5189
  trend: 700/5193
  trend: 700/5184
  trend: 2300/2847
  trend: 800/5189
  trend: 800/5184
  trend: 800/5193
  trend: 2400/2847
  trend: 900/5189
  trend: 900/5193
  trend: 900/5184
  trend: 2500/2847
  trend: 1000/5189
  trend: 1000/5193
  trend: 1000/5184
  trend: 2600/2847
  trend: 1100/5189
  trend: 1100/5193
  trend: 1100/5184
  trend: 2700/2847
  trend: 1200/5189
  trend: 1200/5184
  trend: 1200/5193
  trend: 2800/2847
  trend: 1300/5189
  trend: 1300/5184
  2026-04-24: meta=0 trend=2828 factor=0 (2847 候选, 2307s)
  [2026-04-27] 开始...
  trend: 1300/5193
  trend: 1400/5189
  trend: 1400/5184
  trend: 100/2848
  trend: 1400/5193
  trend: 1500/5189
  trend: 1500/5184
  trend: 200/2848
  trend: 1500/5193
  trend: 1600/5189
  trend: 1600/5184
  trend: 300/2848
  trend: 1600/5193
  trend: 1700/5189
  trend: 1700/5184
  trend: 400/2848
  trend: 1700/5193
  trend: 1800/5184
  trend: 1800/5189
  trend: 500/2848
  trend: 1800/5193
  trend: 1900/5184
  trend: 600/2848
  trend: 1900/5189
  trend: 1900/5193
  trend: 2000/5184
  trend: 700/2848
  trend: 2000/5189
  trend: 2000/5193
  trend: 2100/5184
  trend: 800/2848
  trend: 2100/5189
  trend: 2100/5193
  trend: 2200/5184
  trend: 900/2848
  trend: 2200/5189
  trend: 2200/5193
  trend: 2300/5184
  trend: 1000/2848
  trend: 2300/5189
  trend: 2300/5193
  trend: 2400/5184
  trend: 1100/2848
  trend: 2400/5189
  trend: 2400/5193
  trend: 2500/5184
  trend: 1200/2848
  trend: 2500/5189
  trend: 2500/5193
  trend: 2600/5184
  trend: 1300/2848
  trend: 2600/5189
  trend: 2600/5193
  trend: 2700/5184
  trend: 1400/2848
  trend: 2700/5189
  trend: 2700/5193
  trend: 2800/5184
  trend: 1500/2848
  trend: 2800/5189
  trend: 2800/5193
  trend: 2900/5184
  trend: 1600/2848
  trend: 2900/5189
  trend: 2900/5193
  trend: 3000/5184
  trend: 1700/2848
  trend: 3000/5189
  trend: 3000/5193
  trend: 3100/5184
  trend: 1800/2848
  trend: 3100/5189
  trend: 3100/5193
  trend: 3200/5184
  trend: 1900/2848
  trend: 3200/5189
  trend: 3200/5193
  trend: 3300/5184
  trend: 3300/5189
  trend: 2000/2848
  trend: 3300/5193
  trend: 3400/5184
  trend: 3400/5189
  trend: 2100/2848
  trend: 3400/5193
  trend: 3500/5184
  trend: 3500/5189
  trend: 2200/2848
  trend: 3500/5193
  trend: 3600/5184
  trend: 3600/5189
  trend: 2300/2848
  trend: 3600/5193
  trend: 3700/5184
  trend: 3700/5189
  trend: 2400/2848
  trend: 3700/5193
  trend: 3800/5184
  trend: 3800/5189
  trend: 2500/2848
  trend: 3900/5184
  trend: 3800/5193
  trend: 3900/5189
  trend: 2600/2848
  trend: 4000/5184
  trend: 3900/5193
  trend: 4000/5189
  trend: 4000/5193
  trend: 4100/5184
  trend: 2700/2848
  trend: 4100/5189
  trend: 4100/5193
  trend: 4200/5184
  trend: 2800/2848
  2026-04-27: meta=0 trend=2829 factor=0 (2848 候选, 2372s)
  [2026-04-28] 开始...
  trend: 4200/5189
  trend: 4200/5193
  trend: 4300/5184
  trend: 100/2847
  trend: 4300/5189
  trend: 4300/5193
  trend: 4400/5184
  trend: 200/2847
  trend: 4400/5189
  trend: 4400/5193
  trend: 4500/5184
  trend: 300/2847
  trend: 4500/5189
  trend: 4500/5193
  trend: 400/2847
  trend: 4600/5184
  trend: 4600/5189
  trend: 4600/5193
  trend: 4700/5184
  trend: 500/2847
  trend: 4700/5189
  trend: 4700/5193
  trend: 4800/5184
  trend: 600/2847
  trend: 4800/5189
  trend: 4800/5193
  trend: 4900/5184
  trend: 700/2847
  trend: 4900/5189
  trend: 4900/5193
  trend: 5000/5184
  trend: 800/2847
  trend: 5000/5189
  2026-04-01: meta=0 trend=5053 factor=0 (5184 候选, 4140s)
  [2026-04-02] 开始...
  trend: 5000/5193
  2026-04-09: meta=0 trend=5058 factor=0 (5189 候选, 4192s)
  [2026-04-10] 开始...
  trend: 900/2847
  trend: 100/5184
  2026-04-16: meta=0 trend=5063 factor=0 (5193 候选, 4246s)
  [2026-04-17] 开始...
  trend: 100/5192
  trend: 1000/2847
  trend: 200/5184
  trend: 100/2845
  trend: 200/5192
  trend: 1100/2847
  trend: 300/5184
  trend: 200/2845
  trend: 300/5192
  trend: 1200/2847
  trend: 400/5184
  trend: 300/2845
  trend: 400/5192
  trend: 1300/2847
  trend: 500/5184
  trend: 400/2845
  trend: 500/5192
  trend: 1400/2847
  trend: 600/5184
  trend: 600/5192
  trend: 500/2845
  trend: 1500/2847
  trend: 700/5184
  trend: 700/5192
  trend: 600/2845
  trend: 1600/2847
  trend: 800/5184
  trend: 800/5192
  trend: 700/2845
  trend: 1700/2847
  trend: 900/5184
  trend: 900/5192
  trend: 800/2845
  trend: 1800/2847
  trend: 1000/5184
  trend: 1000/5192
  trend: 900/2845
  trend: 1900/2847
  trend: 1100/5184
  trend: 1000/2845
  trend: 1100/5192
  trend: 2000/2847
  trend: 1200/5184
  trend: 1100/2845
  trend: 1200/5192
  trend: 2100/2847
  trend: 1300/5184
  trend: 1200/2845
  trend: 1300/5192
  trend: 2200/2847
  trend: 1400/5184
  trend: 1300/2845
  trend: 1400/5192
  trend: 2300/2847
  trend: 1500/5184
  trend: 1400/2845
  trend: 1500/5192
  trend: 2400/2847
  trend: 1600/5184
  trend: 1500/2845
  trend: 1600/5192
  trend: 2500/2847
  trend: 1700/5184
  trend: 1600/2845
  trend: 1700/5192
  trend: 2600/2847
  trend: 1800/5184
  trend: 1700/2845
  trend: 1800/5192
  trend: 2700/2847
  trend: 1900/5184
  trend: 1800/2845
  trend: 1900/5192
  trend: 2800/2847
  trend: 2000/5184
  2026-04-28: meta=0 trend=2828 factor=0 (2847 候选, 2360s)
  [2026-04-29] 开始...
  trend: 1900/2845
  trend: 2000/5192
  trend: 2100/5184
  trend: 100/2842
  trend: 2000/2845
  trend: 2100/5192
  trend: 200/2842
  trend: 2200/5184
  trend: 2100/2845
  trend: 2200/5192
  trend: 300/2842
  trend: 2300/5184
  trend: 2200/2845
  trend: 2300/5192
  trend: 400/2842
  trend: 2400/5184
  trend: 2300/2845
  trend: 2400/5192
  trend: 500/2842
  trend: 2400/2845
  trend: 2500/5184
  trend: 2500/5192
  trend: 600/2842
  trend: 2500/2845
  trend: 2600/5184
  trend: 2600/5192
  trend: 700/2842
  trend: 2600/2845
  trend: 2700/5184
  trend: 2700/5192
  trend: 800/2842
  trend: 2700/2845
  trend: 2800/5184
  trend: 2800/5192
  trend: 900/2842
  trend: 2800/2845
  trend: 2900/5184
  2026-04-17: meta=0 trend=2826 factor=0 (2845 候选, 2339s)
  [2026-04-20] 开始...
  trend: 2900/5192
  trend: 1000/2842
  trend: 3000/5184
  trend: 100/2844
  trend: 3000/5192
  trend: 1100/2842
  trend: 3100/5184
  trend: 200/2844
  trend: 3100/5192
  trend: 1200/2842
  trend: 3200/5184
  trend: 300/2844
  trend: 3200/5192
  trend: 1300/2842
  trend: 3300/5184
  trend: 400/2844
  trend: 3300/5192
  trend: 1400/2842
  trend: 3400/5184
  trend: 500/2844
  trend: 3400/5192
  trend: 3500/5184
  trend: 1500/2842
  trend: 600/2844
  trend: 3500/5192
  trend: 3600/5184
  trend: 1600/2842
  trend: 700/2844
  trend: 3600/5192
  trend: 3700/5184
  trend: 1700/2842
  trend: 800/2844
  trend: 3700/5192
  trend: 1800/2842
  trend: 3800/5184
  trend: 900/2844
  trend: 3800/5192
  trend: 1900/2842
  trend: 3900/5184
  trend: 1000/2844
  trend: 3900/5192
  trend: 4000/5184
  trend: 2000/2842
  trend: 1100/2844
  trend: 4000/5192
  trend: 4100/5184
  trend: 2100/2842
  trend: 1200/2844
  trend: 4100/5192
  trend: 4200/5184
  trend: 2200/2842
  trend: 1300/2844
  trend: 4200/5192
  trend: 4300/5184
  trend: 2300/2842
  trend: 4300/5192
  trend: 1400/2844
  trend: 4400/5184
  trend: 2400/2842
  trend: 4400/5192
  trend: 1500/2844
  trend: 2500/2842
  trend: 4500/5184
  trend: 1600/2844
  trend: 4500/5192
  trend: 2600/2842
  trend: 4600/5184
  trend: 4600/5192
  trend: 1700/2844
  trend: 2700/2842
  trend: 4700/5184
  trend: 4700/5192
  trend: 1800/2844
  trend: 2800/2842
  trend: 4800/5184
  2026-04-29: meta=0 trend=2823 factor=0 (2842 候选, 2352s)
  [2026-04-30] 开始...
  trend: 4800/5192
  trend: 1900/2844
  trend: 4900/5184
  trend: 100/2845
  trend: 4900/5192
  trend: 2000/2844
  trend: 5000/5184
  trend: 200/2845
  trend: 5000/5192
  2026-04-02: meta=0 trend=5053 factor=0 (5184 候选, 4216s)
  [2026-04-03] 开始...
  trend: 2100/2844
  2026-04-10: meta=0 trend=5061 factor=0 (5192 候选, 4209s)
  [2026-04-13] 开始...
  trend: 300/2845
  trend: 2200/2844
  trend: 100/5183
  trend: 100/5190
  trend: 400/2845
  trend: 2300/2844
  trend: 200/5183
  trend: 200/5190
  trend: 500/2845
  trend: 2400/2844
  trend: 300/5183
  trend: 600/2845
  trend: 300/5190
  trend: 2500/2844
  trend: 400/5183
  trend: 400/5190
  trend: 700/2845
  trend: 2600/2844
  trend: 500/5183
  trend: 500/5190
  trend: 800/2845
  trend: 2700/2844
  trend: 600/5183
  trend: 600/5190
  trend: 900/2845
  trend: 700/5183
  trend: 2800/2844
  2026-04-20: meta=0 trend=2825 factor=0 (2844 候选, 2385s)
  [2026-05-06] 开始...
  trend: 700/5190
  trend: 1000/2845
  trend: 800/5183
  trend: 100/2850
  trend: 800/5190
  trend: 1100/2845
  trend: 900/5183
  trend: 200/2850
  trend: 900/5190
  trend: 1200/2845
  trend: 1000/5183
  trend: 300/2850
  trend: 1000/5190
  trend: 1300/2845
  trend: 1100/5183
  trend: 400/2850
  trend: 1100/5190
  trend: 1400/2845
  trend: 1200/5183
  trend: 1200/5190
  trend: 500/2850
  trend: 1500/2845
  trend: 1300/5183
  trend: 1300/5190
  trend: 600/2850
  trend: 1600/2845
  trend: 1400/5183
  trend: 1400/5190
  trend: 700/2850
  trend: 1700/2845
  trend: 1500/5183
  trend: 800/2850
  trend: 1500/5190
  trend: 1800/2845
  trend: 1600/5183
  trend: 1600/5190
  trend: 900/2850
  trend: 1900/2845
  trend: 1700/5183
  trend: 1700/5190
  trend: 1000/2850
  trend: 2000/2845
  trend: 1800/5183
  trend: 1800/5190
  trend: 1100/2850
  trend: 2100/2845
  trend: 1900/5183
  trend: 1200/2850
  trend: 1900/5190
  trend: 2200/2845
  trend: 2000/5183
  trend: 1300/2850
  trend: 2000/5190
  trend: 2300/2845
  trend: 2100/5183
  trend: 2100/5190
  trend: 1400/2850
  trend: 2400/2845
  trend: 2200/5183
  trend: 2200/5190
  trend: 1500/2850
  trend: 2500/2845
  trend: 2300/5183
  trend: 2300/5190
  trend: 1600/2850
  trend: 2600/2845
  trend: 2400/5183
  trend: 2400/5190
  trend: 2700/2845
  trend: 1700/2850
  trend: 2500/5183
  trend: 2500/5190
  trend: 2800/2845
  trend: 1800/2850
  2026-04-30: meta=0 trend=2826 factor=0 (2845 候选, 2345s)
  [2026-05-04] 开始...
  [2026-05-05] 开始...
  [2026-05-13] 开始...
  trend: 2600/5183
  trend: 2600/5190
  trend: 1900/2850
  trend: 100/2056
  trend: 2700/5183
  trend: 2700/5190
  trend: 2000/2850
  trend: 200/2056
  trend: 2800/5183
  trend: 2800/5190
  trend: 2100/2850
  trend: 300/2056
  trend: 2900/5183
  trend: 2900/5190
  trend: 2200/2850
  trend: 400/2056
  trend: 3000/5183
  trend: 3000/5190
  trend: 2300/2850
  trend: 500/2056
  trend: 3100/5190
  trend: 3100/5183
  trend: 2400/2850
  trend: 3200/5190
  trend: 600/2056
  trend: 3200/5183
  trend: 2500/2850
  trend: 3300/5190
  trend: 700/2056
  trend: 3300/5183
  trend: 2600/2850
  trend: 3400/5190
  trend: 3400/5183
  trend: 800/2056
  trend: 2700/2850
  trend: 3500/5190
  trend: 3500/5183
  trend: 900/2056
  trend: 2800/2850
  2026-05-06: meta=0 trend=2831 factor=0 (2850 候选, 2373s)
  [2026-05-07] 开始...
  trend: 3600/5190
  trend: 3600/5183
  trend: 1000/2056
  trend: 100/2851
  trend: 3700/5183
  trend: 3700/5190
  trend: 1100/2056
  trend: 200/2851
  trend: 3800/5183
  trend: 3800/5190
  trend: 1200/2056
  trend: 300/2851
  trend: 3900/5190
  trend: 3900/5183
  trend: 1300/2056
  trend: 400/2851
  trend: 4000/5190
  trend: 4000/5183
  trend: 1400/2056
  trend: 500/2851
  trend: 4100/5190
  trend: 4100/5183
  trend: 1500/2056
  trend: 600/2851
  trend: 4200/5190
  trend: 4200/5183
  trend: 1600/2056
  trend: 700/2851
  trend: 4300/5190
  trend: 4300/5183
  trend: 1700/2056
  trend: 800/2851
  trend: 4400/5190
  trend: 4400/5183
  trend: 1800/2056
  trend: 900/2851
  trend: 4500/5190
  trend: 4500/5183
  trend: 1900/2056
  trend: 1000/2851
  trend: 4600/5190
  trend: 4600/5183
  trend: 1100/2851
  trend: 2000/2056
  trend: 4700/5190
  2026-05-13: meta=0 trend=2043 factor=0 (2056 候选, 1769s)
  [2026-05-14] 开始...
  trend: 4700/5183
  trend: 1200/2851
  trend: 100/2056
  trend: 4800/5190
  trend: 4800/5183
  trend: 1300/2851
  trend: 200/2056
  trend: 4900/5190
  trend: 4900/5183
  trend: 1400/2851
  trend: 300/2056
  trend: 5000/5190
  trend: 5000/5183
  trend: 1500/2851
  2026-04-13: meta=0 trend=5059 factor=0 (5190 候选, 4189s)
  [2026-05-20] 开始...
  2026-04-03: meta=0 trend=5051 factor=0 (5183 候选, 4239s)
  [2026-05-27] 开始...
  trend: 400/2056
  trend: 1600/2851
  trend: 100/2058
  trend: 100/1997
  trend: 500/2056
  trend: 1700/2851
  trend: 200/2058
  trend: 200/1997
  trend: 600/2056
  trend: 1800/2851
  trend: 300/2058
  trend: 300/1997
  trend: 700/2056
  trend: 1900/2851
  trend: 400/2058
  trend: 400/1997
  trend: 800/2056
  trend: 2000/2851
  trend: 500/2058
  trend: 500/1997
  trend: 900/2056
  trend: 2100/2851
  trend: 600/2058
  trend: 600/1997
  trend: 1000/2056
  trend: 2200/2851
  trend: 700/1997
  trend: 700/2058
  trend: 1100/2056
  trend: 2300/2851
  trend: 800/1997
  trend: 800/2058
  trend: 1200/2056
  trend: 900/1997
  trend: 2400/2851
  trend: 900/2058
  trend: 1300/2056
  trend: 1000/1997
  trend: 1000/2058
  trend: 2500/2851
  trend: 1400/2056
  trend: 2600/2851
  trend: 1100/1997
  trend: 1100/2058
  trend: 1500/2056
  trend: 1200/1997
  trend: 2700/2851
  trend: 1200/2058
  trend: 1600/2056
  trend: 1300/1997
  trend: 2800/2851
  trend: 1300/2058
  2026-05-07: meta=0 trend=2832 factor=0 (2851 候选, 2352s)
  [2026-05-08] 开始...
  trend: 1700/2056
  trend: 1400/1997
  trend: 1400/2058
  trend: 100/2852
  trend: 1800/2056
  trend: 1500/1997
  trend: 1500/2058
  trend: 200/2852
  trend: 1900/2056
  trend: 1600/1997
  trend: 1600/2058
  trend: 300/2852
  trend: 1700/1997
  trend: 2000/2056
  trend: 1700/2058
  trend: 400/2852
  2026-05-14: meta=0 trend=2043 factor=0 (2056 候选, 1749s)
  [2026-05-15] 开始...
  trend: 1800/1997
  trend: 1800/2058
  trend: 500/2852
  trend: 100/2056
  trend: 1900/1997
  trend: 1900/2058
  trend: 200/2056
  trend: 600/2852
  2026-05-27: meta=0 trend=1987 factor=0 (1997 候选, 1632s)
  [2026-05-28] 开始...
  trend: 2000/2058
  trend: 300/2056
  trend: 700/2852
  2026-05-20: meta=0 trend=2045 factor=0 (2058 候选, 1713s)
  [2026-05-21] 开始...
  trend: 100/1996
  trend: 400/2056
  trend: 100/2015
  trend: 800/2852
  trend: 200/1996
  trend: 500/2056
  trend: 200/2015
  trend: 900/2852
  trend: 300/1996
  trend: 600/2056
  trend: 300/2015
  trend: 1000/2852
  trend: 400/1996
  trend: 700/2056
  trend: 400/2015
  trend: 1100/2852
  trend: 500/1996
  trend: 800/2056
  trend: 500/2015
  trend: 1200/2852
  trend: 600/1996
  trend: 1300/2852
  trend: 900/2056
  trend: 600/2015
  trend: 700/1996
  trend: 1000/2056
  trend: 1400/2852
  trend: 700/2015
  trend: 800/1996
  trend: 1500/2852
  trend: 1100/2056
  trend: 900/1996
  trend: 800/2015
  trend: 1200/2056
  trend: 1600/2852
  trend: 900/2015
  trend: 1000/1996
  trend: 1300/2056
  trend: 1700/2852
  trend: 1000/2015
  trend: 1100/1996
  trend: 1800/2852
  trend: 1100/2015
  trend: 1400/2056
  trend: 1200/1996
  trend: 1900/2852
  trend: 1200/2015
  trend: 1500/2056
  trend: 1300/1996
  trend: 2000/2852
  trend: 1300/2015
  trend: 1400/1996
  trend: 1600/2056
  trend: 2100/2852
  trend: 1400/2015
  trend: 1500/1996
  trend: 1700/2056
  trend: 2200/2852
  trend: 1500/2015
  trend: 1600/1996
  trend: 1800/2056
  trend: 2300/2852
  trend: 1600/2015
  trend: 1700/1996
  trend: 1900/2056
  trend: 2400/2852
  trend: 1700/2015
  trend: 1800/1996
  trend: 2000/2056
  2026-05-15: meta=0 trend=2043 factor=0 (2056 候选, 1751s)
  [2026-05-18] 开始...
  trend: 2500/2852
  trend: 1900/1996
  trend: 1800/2015
  trend: 100/2058
  trend: 2600/2852
  2026-05-28: meta=0 trend=1986 factor=0 (1996 候选, 1646s)
  [2026-05-29] 开始...
  trend: 1900/2015
  trend: 200/2058
  trend: 2700/2852
  trend: 100/1988
  trend: 2000/2015
  2026-05-21: meta=0 trend=2004 factor=0 (2015 候选, 1693s)
  [2026-05-22] 开始...
  trend: 2800/2852
  trend: 200/1988
  trend: 300/2058
  2026-05-08: meta=0 trend=2833 factor=0 (2852 候选, 2370s)
  [2026-05-11] 开始...
  trend: 100/2015
  trend: 300/1988
  trend: 400/2058
  trend: 100/2853
  trend: 200/2015
  trend: 400/1988
  trend: 500/2058
  trend: 200/2853
  trend: 300/2015
  trend: 500/1988
  trend: 600/2058
  trend: 300/2853
  trend: 400/2015
  trend: 600/1988
  trend: 700/2058
  trend: 400/2853
  trend: 500/2015
  trend: 700/1988
  trend: 800/2058
  trend: 500/2853
  trend: 600/2015
  trend: 800/1988
  trend: 900/2058
  trend: 600/2853
  trend: 700/2015
  trend: 900/1988
  trend: 1000/2058
  trend: 700/2853
  trend: 800/2015
  trend: 1000/1988
  trend: 1100/2058
  trend: 800/2853
  trend: 900/2015
  trend: 1100/1988
  trend: 1200/2058
  trend: 900/2853
  trend: 1000/2015
  trend: 1200/1988
  trend: 1300/2058
  trend: 1000/2853
  trend: 1100/2015
  trend: 1300/1988
  trend: 1400/2058
  trend: 1100/2853
  trend: 1200/2015
  trend: 1400/1988
  trend: 1500/2058
  trend: 1200/2853
  trend: 1300/2015
  trend: 1500/1988
  trend: 1600/2058
  trend: 1300/2853
  trend: 1400/2015
  trend: 1600/1988
  trend: 1700/2058
  trend: 1400/2853
  trend: 1500/2015
  trend: 1700/1988
  trend: 1800/2058
  trend: 1500/2853
  trend: 1600/2015
  trend: 1800/1988
  trend: 1900/2058
  trend: 1600/2853
  trend: 1700/2015
  trend: 1900/1988
  trend: 2000/2058
  trend: 1700/2853
  trend: 1800/2015
  2026-05-18: meta=0 trend=2045 factor=0 (2058 候选, 1742s)
  [2026-05-19] 开始...
  2026-05-29: meta=0 trend=1978 factor=0 (1988 候选, 1649s)
  [2026-06-01] 开始...
  trend: 1800/2853
  trend: 1900/2015
  trend: 100/2057
  trend: 100/1982
  trend: 1900/2853
  trend: 2000/2015
  2026-05-22: meta=0 trend=2004 factor=0 (2015 候选, 1696s)
  [2026-05-25] 开始...
  trend: 200/2057
  trend: 200/1982
  trend: 2000/2853
  trend: 100/2012
  trend: 300/2057
  trend: 300/1982
  trend: 2100/2853
  trend: 400/2057
  trend: 200/2012
  trend: 400/1982
  trend: 2200/2853
  trend: 500/2057
  trend: 300/2012
  trend: 500/1982
  trend: 2300/2853
  trend: 600/2057
  trend: 400/2012
  trend: 600/1982
  trend: 2400/2853
  trend: 700/2057
  trend: 500/2012
  trend: 700/1982
  trend: 2500/2853
  trend: 800/2057
  trend: 600/2012
  trend: 800/1982
  trend: 2600/2853
  trend: 900/2057
  trend: 700/2012
  trend: 900/1982
  trend: 2700/2853
  trend: 1000/2057
  trend: 800/2012
  trend: 1000/1982
  trend: 2800/2853
  trend: 1100/2057
  trend: 900/2012
  2026-05-11: meta=0 trend=2834 factor=0 (2853 候选, 2373s)
  [2026-05-12] 开始...
  trend: 1100/1982
  trend: 1200/2057
  trend: 1000/2012
  trend: 100/2056
  trend: 1200/1982
  trend: 1300/2057
  trend: 1100/2012
  trend: 200/2056
  trend: 1300/1982
  trend: 1400/2057
  trend: 1200/2012
  trend: 300/2056
  trend: 1400/1982
  trend: 1500/2057
  trend: 1300/2012
  trend: 400/2056
  trend: 1500/1982
  trend: 1600/2057
  trend: 1400/2012
  trend: 500/2056
  trend: 1600/1982
  trend: 1500/2012
  trend: 1700/2057
  trend: 600/2056
  trend: 1700/1982
  trend: 1800/2057
  trend: 1600/2012
  trend: 700/2056
  trend: 1800/1982
  trend: 1700/2012
  trend: 1900/2057
  trend: 800/2056
  trend: 1900/1982
  trend: 2000/2057
  trend: 1800/2012
  2026-06-01: meta=0 trend=1972 factor=0 (1982 候选, 1693s)
  [2026-06-02] 开始...
  trend: 900/2056
  2026-05-19: meta=0 trend=2044 factor=0 (2057 候选, 1705s)
  [2026-06-03] 开始...
  trend: 1900/2012
  trend: 1000/2056
  trend: 100/1964
  trend: 100/1979
  trend: 2000/2012
  2026-05-25: meta=0 trend=2001 factor=0 (2012 候选, 1680s)
  [2026-05-26] 开始...
  trend: 1100/2056
  trend: 200/1964
  trend: 200/1979
  trend: 100/1997
  trend: 1200/2056
  trend: 300/1964
  trend: 300/1979
  trend: 200/1997
  trend: 1300/2056
  trend: 400/1964
  trend: 400/1979
  trend: 300/1997
  trend: 500/1964
  trend: 1400/2056
  trend: 500/1979
  trend: 400/1997
  trend: 600/1964
  trend: 1500/2056
  trend: 600/1979
  trend: 500/1997
  trend: 700/1964
  trend: 1600/2056
  trend: 700/1979
  trend: 600/1997
  trend: 800/1964
  trend: 800/1979
  trend: 1700/2056
  trend: 700/1997
  trend: 900/1964
  trend: 900/1979
  trend: 1800/2056
  trend: 800/1997
  trend: 1000/1964
  trend: 1000/1979
  trend: 1900/2056
  trend: 900/1997
  trend: 1100/1964
  trend: 2000/2056
  trend: 1100/1979
  2026-05-12: meta=0 trend=2043 factor=0 (2056 候选, 1750s)
  [2026-06-10] 开始...
  trend: 1000/1997
  trend: 1200/1964
  trend: 1200/1979
  trend: 100/1291
  trend: 1100/1997
  trend: 1300/1964
  trend: 1300/1979
  trend: 200/1291
  trend: 1200/1997
  trend: 1400/1964
  trend: 1400/1979
  trend: 300/1291
  trend: 1300/1997
  trend: 1500/1964
  trend: 1500/1979
  trend: 400/1291
  trend: 1400/1997
  trend: 1600/1964
  trend: 1600/1979
  trend: 500/1291
  trend: 1500/1997
  trend: 1700/1964
  trend: 1700/1979
  trend: 600/1291
  trend: 1600/1997
  trend: 1800/1964
  trend: 1800/1979
  trend: 700/1291
  trend: 1700/1997
  trend: 1900/1964
  trend: 1900/1979
  trend: 800/1291
  trend: 1800/1997
  2026-06-03: meta=0 trend=1954 factor=0 (1964 候选, 1651s)
  [2026-06-04] 开始...
  2026-06-02: meta=0 trend=1969 factor=0 (1979 候选, 1670s)
  trend: 1900/1997
  trend: 100/1953
  trend: 900/1291
  2026-05-26: meta=0 trend=1987 factor=0 (1997 候选, 1675s)
  trend: 1000/1291  trend: 200/1953

  trend: 300/1953  trend: 1100/1291

  trend: 1200/1291
  trend: 400/1953
  2026-06-10: meta=0 trend=1286 factor=0 (1291 候选, 1098s)
  [2026-06-11] 开始...
  trend: 500/1953
  trend: 100/1291
  trend: 600/1953
  trend: 200/1291
  trend: 700/1953
  trend: 300/1291
  trend: 800/1953
  trend: 400/1291
  trend: 900/1953
  trend: 500/1291
  trend: 1000/1953
  trend: 600/1291
  trend: 1100/1953
  trend: 700/1291
  trend: 1200/1953
  trend: 800/1291
  trend: 1300/1953
  trend: 900/1291
  trend: 1400/1953
  trend: 1000/1291
  trend: 1500/1953
  trend: 1100/1291
  trend: 1600/1953
  trend: 1200/1291
  trend: 1700/1953
  2026-06-11: meta=0 trend=1286 factor=0 (1291 候选, 1089s)
  [2026-06-12] 开始...
  trend: 1800/1953
  trend: 100/1286
  trend: 1900/1953
  2026-06-04: meta=0 trend=1943 factor=0 (1953 候选, 1658s)
  [2026-06-05] 开始...
  trend: 200/1286
  trend: 100/1935
  trend: 300/1286
  trend: 200/1935
  trend: 400/1286
  trend: 300/1935
  trend: 500/1286
  trend: 400/1935
  trend: 600/1286
  trend: 500/1935
  trend: 700/1286
  trend: 600/1935
  trend: 800/1286
  trend: 700/1935
  trend: 900/1286
  trend: 800/1935
  trend: 1000/1286
  trend: 900/1935
  trend: 1100/1286
  trend: 1000/1935
  trend: 1200/1286
  trend: 1100/1935
  2026-06-12: meta=0 trend=1281 factor=0 (1286 候选, 1110s)
  [2026-06-15] 开始...
  trend: 100/1273
  trend: 1200/1935
  trend: 200/1273
  trend: 1300/1935
  trend: 300/1273
  trend: 1400/1935
  trend: 1500/1935
  trend: 400/1273
  trend: 500/1273
  trend: 1600/1935
  trend: 600/1273
  trend: 1700/1935
  trend: 700/1273
  trend: 1800/1935
  trend: 800/1273
  trend: 1900/1935
  2026-06-05: meta=0 trend=1926 factor=0 (1935 候选, 1684s)
  [2026-06-08] 开始...
  trend: 900/1273
  trend: 100/1902
  trend: 1000/1273
  trend: 200/1902
  trend: 1100/1273
  trend: 300/1902
  trend: 1200/1273
  trend: 400/1902
  2026-06-15: meta=0 trend=1268 factor=0 (1273 候选, 1089s)
  trend: 500/1902
  trend: 600/1902
  trend: 700/1902
  trend: 800/1902
  trend: 900/1902
  trend: 1000/1902
  trend: 1100/1902
  trend: 1200/1902
  trend: 1300/1902
  trend: 1400/1902
  trend: 1500/1902
  trend: 1600/1902
  trend: 1700/1902
  trend: 1800/1902
  2026-06-08: meta=0 trend=1895 factor=0 (1902 候选, 1629s)
  [2026-06-09] 开始...
  trend: 100/1315
  trend: 200/1315
  trend: 300/1315
  trend: 400/1315
  trend: 500/1315
  trend: 600/1315
  trend: 700/1315
  trend: 800/1315
  trend: 900/1315
  trend: 1000/1315
  trend: 1100/1315
  trend: 1200/1315
  trend: 1300/1315
  2026-06-09: meta=0 trend=1310 factor=0 (1315 候选, 1136s)

完成: 72/74 天, meta=0 trends=252690 factors=0
