预计算窗口: 2026-03-02 → 2026-06-11 (72 天) | 并行: 4 workers
信号缓存: 1699 只可投, 已缓存 0, 需计算 1699
信号缓存: 1699 只可投, 已缓存 0, 需计算 1699
信号缓存: 1699 只可投, 已缓存 1050, 需计算 652
信号缓存: 1699 只可投, 已缓存 1682, 需计算 20
信号缓存完成: 20 只
信号缓存: 1699 只可投, 已缓存 0, 需计算 1699
  信号: 100/1699
  信号: 100/1699
  信号: 100/652
  信号: 100/1699
  信号: 200/1699
  信号: 200/1699
  信号: 200/652
  信号: 200/1699
  信号: 300/1699
  信号: 300/652
  信号: 300/1699
  信号: 300/1699
  信号: 400/1699
  信号: 400/652
  信号: 400/1699
  信号: 400/1699
  信号: 500/1699
  信号: 500/652
  信号: 500/1699
  信号: 500/1699
  信号: 600/1699
  信号: 600/652
  信号: 600/1699
  信号: 600/1699
信号缓存完成: 652 只
信号缓存: 1699 只可投, 已缓存 0, 需计算 1699
  信号: 700/1699
  信号: 700/1699
  信号: 700/1699
  信号: 100/1699
  信号: 800/1699
  信号: 800/1699
  信号: 800/1699
  信号: 200/1699
  信号: 900/1699
  信号: 900/1699
  信号: 900/1699
  信号: 300/1699
  信号: 1000/1699
  信号: 1000/1699
  信号: 1000/1699
  信号: 400/1699
  信号: 1100/1699
  信号: 1100/1699
  信号: 1100/1699
  信号: 500/1699
  信号: 1200/1699
  信号: 1200/1699
  信号: 1200/1699
  信号: 600/1699
  信号: 1300/1699
  信号: 1300/1699
  信号: 1300/1699
  信号: 700/1699
  信号: 1400/1699
  信号: 1400/1699
  信号: 1400/1699
  信号: 800/1699
  信号: 1500/1699
  信号: 1500/1699
  信号: 1500/1699
  信号: 900/1699
  信号: 1600/1699
  信号: 1600/1699
  信号: 1600/1699
  信号: 1000/1699
信号缓存完成: 1699 只
信号缓存: 1699 只可投, 已缓存 0, 需计算 1699
信号缓存完成: 1699 只
信号缓存: 1699 只可投, 已缓存 0, 需计算 1699
信号缓存完成: 1699 只
信号缓存: 1699 只可投, 已缓存 1039, 需计算 663
  信号: 1100/1699
  信号: 100/1699
  信号: 100/1699
  信号: 1200/1699
  信号: 100/663
  信号: 200/1699
  信号: 200/1699
  信号: 1300/1699
  信号: 200/663
  信号: 300/1699
  信号: 300/1699
  信号: 1400/1699
  信号: 300/663
  信号: 400/1699
  信号: 400/1699
  信号: 1500/1699
  信号: 400/663
  信号: 500/1699
  信号: 500/1699
  信号: 1600/1699
  信号: 500/663
  信号: 600/1699
  信号: 600/1699
信号缓存完成: 1699 只
信号缓存: 1699 只可投, 已缓存 0, 需计算 1699
  信号: 600/663
  信号: 700/1699
  信号: 700/1699
信号缓存完成: 663 只
信号缓存: 1699 只可投, 已缓存 0, 需计算 1699
  信号: 100/1699
  信号: 800/1699
  信号: 800/1699
  信号: 100/1699
  信号: 200/1699
  信号: 900/1699
  信号: 900/1699
  信号: 200/1699
  信号: 300/1699
  信号: 1000/1699
  信号: 1000/1699
  信号: 300/1699
  信号: 400/1699
  信号: 1100/1699
  信号: 1100/1699
  信号: 400/1699
  信号: 500/1699
  信号: 1200/1699
  信号: 1200/1699
  信号: 500/1699
  信号: 600/1699
  信号: 1300/1699
  信号: 1300/1699
  信号: 600/1699
  信号: 700/1699
  信号: 1400/1699
  信号: 1400/1699
  信号: 700/1699
  信号: 800/1699
  信号: 1500/1699
  信号: 1500/1699
  信号: 800/1699
  信号: 900/1699
  信号: 1600/1699
  信号: 1600/1699
  信号: 900/1699
  信号: 1000/1699
信号缓存完成: 1699 只
信号缓存: 1699 只可投, 已缓存 1062, 需计算 640
信号缓存完成: 1699 只
信号缓存: 1699 只可投, 已缓存 1074, 需计算 628
  信号: 1000/1699
  信号: 1100/1699
  信号: 100/640
  信号: 100/628
  信号: 1100/1699
  信号: 1200/1699
  信号: 200/640
  信号: 200/628
  信号: 1200/1699
  信号: 1300/1699
  信号: 300/640
  信号: 300/628
  信号: 1300/1699
  信号: 1400/1699
  信号: 400/628
  信号: 400/640
  信号: 1400/1699
  信号: 1500/1699
  信号: 500/640
  信号: 500/628
  信号: 1500/1699
  信号: 1600/1699
  信号: 600/628
  信号: 600/640
信号缓存完成: 628 只
信号缓存: 1699 只可投, 已缓存 0, 需计算 1699
信号缓存完成: 640 只
信号缓存: 1699 只可投, 已缓存 0, 需计算 1699
  信号: 1600/1699
信号缓存完成: 1699 只
信号缓存: 1699 只可投, 已缓存 1067, 需计算 635
  信号: 100/1699
信号缓存完成: 1699 只
信号缓存: 1699 只可投, 已缓存 0, 需计算 1699
  信号: 100/1699
  信号: 100/635
  信号: 200/1699
  信号: 100/1699
  信号: 200/1699
  信号: 200/635
  信号: 300/1699
  信号: 200/1699
  信号: 300/1699
  信号: 300/635
  信号: 400/1699
  信号: 400/1699
  信号: 300/1699
  信号: 400/635
  信号: 500/1699
  信号: 500/1699
  信号: 400/1699
  信号: 500/635
  信号: 600/1699
  信号: 600/1699
  信号: 600/635
  信号: 500/1699
信号缓存完成: 635 只
信号缓存: 1699 只可投, 已缓存 0, 需计算 1699
  信号: 700/1699
  信号: 700/1699
  信号: 600/1699
  信号: 100/1699
  信号: 800/1699
  信号: 800/1699
  信号: 700/1699
  信号: 200/1699
  信号: 900/1699
  信号: 900/1699
  信号: 800/1699
  信号: 300/1699
  信号: 1000/1699
  信号: 1000/1699
  信号: 900/1699
  信号: 400/1699
  信号: 1100/1699
  信号: 1100/1699
  信号: 1000/1699
  信号: 500/1699
  信号: 1200/1699
  信号: 1200/1699
  信号: 1100/1699
  信号: 600/1699
  信号: 1300/1699
  信号: 1300/1699
  信号: 1200/1699
  信号: 700/1699
  信号: 1400/1699
  信号: 1400/1699
  信号: 1300/1699
  信号: 800/1699
  信号: 1500/1699
  信号: 1500/1699
  信号: 1400/1699
  信号: 900/1699
  信号: 1600/1699
  信号: 1600/1699
  信号: 1500/1699
  信号: 1000/1699
信号缓存完成: 1699 只
信号缓存: 1699 只可投, 已缓存 0, 需计算 1699
信号缓存完成: 1699 只
信号缓存: 1699 只可投, 已缓存 0, 需计算 1699
  信号: 1600/1699
  信号: 1100/1699
  信号: 100/1699
  信号: 100/1699
信号缓存完成: 1699 只
信号缓存: 1699 只可投, 已缓存 1546, 需计算 156
  信号: 1200/1699
  信号: 200/1699
  信号: 200/1699
  信号: 100/156
  信号: 1300/1699
  信号: 300/1699
信号缓存完成: 156 只
信号缓存: 1699 只可投, 已缓存 0, 需计算 1699
  信号: 300/1699
  信号: 1400/1699
  信号: 400/1699
  信号: 100/1699
  信号: 400/1699
  信号: 1500/1699
  信号: 200/1699
  信号: 500/1699
  信号: 500/1699
  信号: 1600/1699
  信号: 300/1699
  信号: 600/1699
  信号: 600/1699
信号缓存完成: 1699 只
信号缓存: 1699 只可投, 已缓存 0, 需计算 1699
  信号: 400/1699
  信号: 700/1699
  信号: 700/1699
  信号: 100/1699
  信号: 500/1699
  信号: 800/1699
  信号: 800/1699
  信号: 200/1699
  信号: 900/1699
  信号: 600/1699
  信号: 900/1699
  信号: 300/1699
  信号: 1000/1699
  信号: 700/1699
  信号: 1000/1699
  信号: 400/1699
  信号: 800/1699
  信号: 1100/1699
  信号: 1100/1699
  信号: 500/1699
  信号: 900/1699
  信号: 1200/1699
  信号: 1200/1699
  信号: 600/1699
  信号: 1000/1699
  信号: 1300/1699
  信号: 1300/1699
  信号: 700/1699
  信号: 1100/1699
  信号: 1400/1699
  信号: 1400/1699
  信号: 800/1699
  信号: 1500/1699
  信号: 1200/1699
  信号: 1500/1699
  信号: 900/1699
  信号: 1300/1699
  信号: 1600/1699
  信号: 1600/1699
  信号: 1000/1699
  信号: 1400/1699
信号缓存完成: 1699 只
信号缓存: 1699 只可投, 已缓存 0, 需计算 1699
信号缓存完成: 1699 只
信号缓存: 1699 只可投, 已缓存 1030, 需计算 672
  信号: 1100/1699
  信号: 1500/1699
  信号: 100/1699
  信号: 100/672
  信号: 1200/1699
  信号: 1600/1699
  信号: 200/1699
  信号: 200/672
  信号: 1300/1699
信号缓存完成: 1699 只
信号缓存: 1699 只可投, 已缓存 0, 需计算 1699
  信号: 300/1699
  信号: 300/672
  信号: 1400/1699
  信号: 100/1699
  信号: 400/1699
  信号: 400/672
  信号: 1500/1699
  信号: 200/1699
  信号: 500/1699
  信号: 500/672
  信号: 1600/1699
  信号: 300/1699
  信号: 600/1699
  信号: 600/672
信号缓存完成: 1699 只
信号缓存: 1699 只可投, 已缓存 0, 需计算 1699
信号缓存完成: 672 只
信号缓存: 1699 只可投, 已缓存 0, 需计算 1699
  信号: 400/1699
  信号: 700/1699
  信号: 100/1699
  信号: 500/1699
  信号: 100/1699
  信号: 800/1699
  信号: 200/1699
  信号: 600/1699
  信号: 200/1699
  信号: 900/1699
  信号: 300/1699
  信号: 700/1699
  信号: 300/1699
  信号: 1000/1699
  信号: 400/1699
  信号: 800/1699
  信号: 400/1699
  信号: 1100/1699
  信号: 500/1699
  信号: 900/1699
  信号: 500/1699
  信号: 1200/1699
  信号: 600/1699
  信号: 600/1699
  信号: 1000/1699
  信号: 1300/1699
  信号: 700/1699
  信号: 700/1699
  信号: 1100/1699
  信号: 1400/1699
  信号: 800/1699
  信号: 800/1699
  信号: 1200/1699
  信号: 1500/1699
  信号: 900/1699
  信号: 900/1699
  信号: 1300/1699
  信号: 1600/1699
  信号: 1000/1699
  信号: 1000/1699
  信号: 1400/1699
信号缓存完成: 1699 只
信号缓存: 1699 只可投, 已缓存 0, 需计算 1699
  信号: 1100/1699
  信号: 1100/1699
  信号: 1500/1699
  信号: 100/1699
  信号: 1200/1699
  信号: 1200/1699
  信号: 1600/1699
  信号: 200/1699
  信号: 1300/1699
  信号: 1300/1699
信号缓存完成: 1699 只
信号缓存: 1699 只可投, 已缓存 0, 需计算 1699
  信号: 300/1699
  信号: 1400/1699
  信号: 1400/1699
  信号: 100/1699
  信号: 400/1699
  信号: 1500/1699
  信号: 1500/1699
  信号: 200/1699
  信号: 500/1699
  信号: 1600/1699
  信号: 1600/1699
  信号: 300/1699
  信号: 600/1699
信号缓存完成: 1699 只
信号缓存: 1699 只可投, 已缓存 0, 需计算 1699
  信号: 400/1699
  信号: 700/1699
信号缓存完成: 1699 只
信号缓存: 1699 只可投, 已缓存 0, 需计算 1699
  信号: 100/1699
  信号: 500/1699
  信号: 100/1699
  信号: 800/1699
  信号: 200/1699
  信号: 600/1699
  信号: 200/1699
  信号: 900/1699
  信号: 300/1699
  信号: 700/1699
  信号: 300/1699
  信号: 1000/1699
  信号: 400/1699
  信号: 800/1699
  信号: 400/1699
  信号: 1100/1699
  信号: 500/1699
  信号: 900/1699
  信号: 1200/1699
  信号: 500/1699
  信号: 600/1699
  信号: 1000/1699
  信号: 1300/1699
  信号: 600/1699
  信号: 700/1699
  信号: 1100/1699
  信号: 1400/1699
  信号: 700/1699
  信号: 800/1699
  信号: 1200/1699
  信号: 1500/1699
  信号: 800/1699
  信号: 900/1699
  信号: 1300/1699
  信号: 1600/1699
  信号: 900/1699
  信号: 1000/1699
  信号: 1400/1699
信号缓存完成: 1699 只
信号缓存: 1699 只可投, 已缓存 0, 需计算 1699
  信号: 1000/1699
  信号: 1100/1699
  信号: 1500/1699
  信号: 100/1699
  信号: 1100/1699
  信号: 1200/1699
  信号: 1600/1699
  信号: 200/1699
  信号: 1200/1699
  信号: 1300/1699
  信号: 300/1699
信号缓存完成: 1699 只
信号缓存: 1699 只可投, 已缓存 0, 需计算 1699
  信号: 1300/1699
  信号: 1400/1699
  信号: 400/1699
  信号: 100/1699
  信号: 1400/1699
  信号: 1500/1699
  信号: 500/1699
  信号: 200/1699
  信号: 1500/1699
  信号: 1600/1699
  信号: 600/1699
  信号: 300/1699
  信号: 1600/1699
信号缓存完成: 1699 只
信号缓存: 1699 只可投, 已缓存 0, 需计算 1699
  信号: 700/1699
  信号: 400/1699
信号缓存完成: 1699 只
信号缓存: 1699 只可投, 已缓存 0, 需计算 1699
  信号: 500/1699
  信号: 800/1699
  信号: 100/1699
  信号: 100/1699
  信号: 600/1699
  信号: 900/1699
  信号: 200/1699
  信号: 200/1699
  信号: 1000/1699
  信号: 700/1699
  信号: 300/1699
  信号: 300/1699
  信号: 1100/1699
  信号: 800/1699
  信号: 400/1699
  信号: 400/1699
  信号: 1200/1699
  信号: 900/1699
  信号: 500/1699
  信号: 500/1699
  信号: 600/1699
  信号: 1300/1699
  信号: 1000/1699
  信号: 600/1699
  信号: 700/1699
  信号: 1400/1699
  信号: 1100/1699
  信号: 700/1699
  信号: 1500/1699
  信号: 800/1699
  信号: 1200/1699
  信号: 800/1699
  信号: 1600/1699
  信号: 900/1699
  信号: 1300/1699
  信号: 900/1699
信号缓存完成: 1699 只
信号缓存: 1699 只可投, 已缓存 0, 需计算 1699
  信号: 1000/1699
  信号: 1400/1699
  信号: 1000/1699
  信号: 100/1699
  信号: 1100/1699
  信号: 1500/1699
  信号: 1100/1699
  信号: 200/1699
  信号: 1200/1699
  信号: 1600/1699
  信号: 1200/1699
  信号: 300/1699
  信号: 1300/1699
信号缓存完成: 1699 只
信号缓存: 1699 只可投, 已缓存 0, 需计算 1699
  信号: 1300/1699
  信号: 400/1699
  信号: 1400/1699
  信号: 100/1699
  信号: 1400/1699
  信号: 500/1699
  信号: 1500/1699
  信号: 200/1699
  信号: 1500/1699
  信号: 600/1699
  信号: 1600/1699
  信号: 300/1699
  信号: 1600/1699
  信号: 700/1699
信号缓存完成: 1699 只
信号缓存: 1699 只可投, 已缓存 0, 需计算 1699
  信号: 400/1699
信号缓存完成: 1699 只
信号缓存: 1699 只可投, 已缓存 0, 需计算 1699
  信号: 800/1699
  信号: 100/1699
  信号: 500/1699
  信号: 100/1699
  信号: 900/1699
  信号: 200/1699
  信号: 600/1699
  信号: 200/1699
  信号: 1000/1699
  信号: 300/1699
  信号: 700/1699
  信号: 300/1699
  信号: 1100/1699
  信号: 800/1699
  信号: 400/1699
  信号: 400/1699
  信号: 1200/1699
  信号: 900/1699
  信号: 500/1699
  信号: 500/1699
  信号: 1300/1699
  信号: 1000/1699
  信号: 600/1699
  信号: 600/1699
  信号: 1400/1699
  信号: 1100/1699
  信号: 700/1699
  信号: 1500/1699
  信号: 700/1699
  信号: 1200/1699
  信号: 800/1699
  信号: 800/1699
  信号: 1600/1699
  信号: 1300/1699
  信号: 900/1699
信号缓存完成: 1699 只
信号缓存: 1699 只可投, 已缓存 0, 需计算 1699
  信号: 900/1699
  信号: 1400/1699
  信号: 1000/1699
  信号: 100/1699
  信号: 1000/1699
  信号: 1500/1699
  信号: 1100/1699
  信号: 200/1699
  信号: 1100/1699
  信号: 1600/1699
  信号: 1200/1699
  信号: 300/1699
  信号: 1200/1699
信号缓存完成: 1699 只
信号缓存: 1699 只可投, 已缓存 0, 需计算 1699
  信号: 1300/1699
  信号: 400/1699
  信号: 1300/1699
  信号: 100/1699
  信号: 1400/1699
  信号: 500/1699
  信号: 1400/1699
  信号: 200/1699
  信号: 1500/1699
  信号: 600/1699
  信号: 1500/1699
  信号: 300/1699
  信号: 1600/1699
  信号: 700/1699
  信号: 1600/1699
信号缓存完成: 1699 只
信号缓存: 1699 只可投, 已缓存 0, 需计算 1699
  信号: 400/1699
  信号: 800/1699
信号缓存完成: 1699 只
信号缓存: 1699 只可投, 已缓存 0, 需计算 1699
  信号: 100/1699
  信号: 500/1699
  信号: 900/1699
  信号: 100/1699
  信号: 600/1699
  信号: 200/1699
  信号: 1000/1699
  信号: 200/1699
  信号: 700/1699
  信号: 300/1699
  信号: 1100/1699
  信号: 300/1699
  信号: 800/1699
  信号: 400/1699
  信号: 1200/1699
  信号: 400/1699
  信号: 900/1699
  信号: 500/1699
  信号: 1300/1699
  信号: 500/1699
  信号: 1000/1699
  信号: 600/1699
  信号: 1400/1699
  信号: 600/1699
  信号: 1100/1699
  信号: 700/1699
  信号: 1500/1699
  信号: 700/1699
  信号: 1200/1699
  信号: 800/1699
  信号: 1600/1699
  信号: 800/1699
  信号: 1300/1699
  信号: 900/1699
信号缓存完成: 1699 只
信号缓存: 1699 只可投, 已缓存 0, 需计算 1699
  信号: 900/1699
  信号: 1400/1699
  信号: 1000/1699
  信号: 100/1699
  信号: 1000/1699
  信号: 1500/1699
  信号: 1100/1699
  信号: 200/1699
  信号: 1100/1699
  信号: 1600/1699
  信号: 1200/1699
  信号: 300/1699
  信号: 1200/1699
信号缓存完成: 1699 只
信号缓存: 1699 只可投, 已缓存 0, 需计算 1699
  信号: 1300/1699
  信号: 400/1699
  信号: 1300/1699
  信号: 100/1699
  信号: 1400/1699
  信号: 500/1699
  信号: 1400/1699
  信号: 200/1699
  信号: 1500/1699
  信号: 600/1699
  信号: 1500/1699
  信号: 300/1699
  信号: 1600/1699
  信号: 700/1699
  信号: 1600/1699
  信号: 400/1699
信号缓存完成: 1699 只
信号缓存: 1699 只可投, 已缓存 0, 需计算 1699
  信号: 800/1699
信号缓存完成: 1699 只
信号缓存: 1699 只可投, 已缓存 0, 需计算 1699
  信号: 500/1699
  信号: 100/1699
  信号: 900/1699
  信号: 100/1699
  信号: 600/1699
  信号: 200/1699
  信号: 1000/1699
  信号: 200/1699
  信号: 700/1699
  信号: 300/1699
  信号: 1100/1699
  信号: 300/1699
  信号: 800/1699
  信号: 400/1699
  信号: 1200/1699
  信号: 400/1699
  信号: 900/1699
  信号: 500/1699
  信号: 1300/1699
  信号: 500/1699
  信号: 1000/1699
  信号: 600/1699
  信号: 1400/1699
  信号: 600/1699
  信号: 1100/1699
  信号: 700/1699
  信号: 1500/1699
  信号: 700/1699
  信号: 1200/1699
  信号: 800/1699
  信号: 1600/1699
  信号: 800/1699
  信号: 1300/1699
  信号: 900/1699
信号缓存完成: 1699 只
信号缓存: 1699 只可投, 已缓存 0, 需计算 1699
  信号: 900/1699
  信号: 1000/1699
  信号: 1400/1699
  信号: 100/1699
  信号: 1000/1699
  信号: 1100/1699
  信号: 1500/1699
  信号: 200/1699
  信号: 1100/1699
  信号: 1200/1699
  信号: 1600/1699
  信号: 300/1699
  信号: 1200/1699
  信号: 1300/1699
信号缓存完成: 1699 只
信号缓存: 1699 只可投, 已缓存 0, 需计算 1699
  信号: 400/1699
  信号: 1300/1699
  信号: 1400/1699
  信号: 100/1699
  信号: 500/1699
  信号: 1400/1699
  信号: 1500/1699
  信号: 200/1699
  信号: 600/1699
  信号: 1500/1699
  信号: 1600/1699
  信号: 300/1699
  信号: 700/1699
  信号: 1600/1699
信号缓存完成: 1699 只
信号缓存: 1699 只可投, 已缓存 0, 需计算 1699
  信号: 400/1699
  信号: 800/1699
信号缓存完成: 1699 只
信号缓存: 1699 只可投, 已缓存 0, 需计算 1699
  信号: 100/1699
  信号: 500/1699
  信号: 100/1699
  信号: 900/1699
  信号: 200/1699
  信号: 200/1699
  信号: 1000/1699
  信号: 600/1699
  信号: 300/1699
  信号: 300/1699
  信号: 1100/1699
  信号: 700/1699
  信号: 1200/1699
  信号: 800/1699
  信号: 400/1699
  信号: 400/1699
  信号: 1300/1699
  信号: 500/1699
  信号: 900/1699
  信号: 500/1699
  信号: 600/1699
  信号: 600/1699
  信号: 1400/1699
  信号: 1000/1699
  信号: 700/1699
  信号: 700/1699
  信号: 1500/1699
  信号: 1100/1699
  信号: 800/1699
  信号: 1600/1699
  信号: 800/1699
  信号: 1200/1699
  信号: 900/1699
信号缓存完成: 1699 只
信号缓存: 1699 只可投, 已缓存 0, 需计算 1699
  信号: 900/1699
  信号: 1300/1699
  信号: 1000/1699
  信号: 100/1699
  信号: 1000/1699
  信号: 1400/1699
  信号: 1100/1699
  信号: 200/1699
  信号: 1100/1699
  信号: 1500/1699
  信号: 1200/1699
  信号: 300/1699
  信号: 1200/1699
  信号: 1600/1699
  信号: 1300/1699
  信号: 400/1699
  信号: 1300/1699
信号缓存完成: 1699 只
信号缓存: 1699 只可投, 已缓存 0, 需计算 1699
  信号: 1400/1699
  信号: 500/1699
  信号: 1400/1699
  信号: 100/1699
  信号: 1500/1699
  信号: 1500/1699
  信号: 600/1699
  信号: 200/1699
  信号: 1600/1699
  信号: 1600/1699
  信号: 700/1699
  信号: 300/1699
信号缓存完成: 1699 只
信号缓存: 1699 只可投, 已缓存 0, 需计算 1699
信号缓存完成: 1699 只
信号缓存: 1699 只可投, 已缓存 0, 需计算 1699
  信号: 800/1699
  信号: 400/1699
  信号: 100/1699
  信号: 100/1699
  信号: 900/1699
  信号: 500/1699
  信号: 200/1699
  信号: 1000/1699
  信号: 200/1699
  信号: 600/1699
  信号: 300/1699
  信号: 1100/1699
  信号: 300/1699
  信号: 700/1699
  信号: 400/1699
  信号: 400/1699
  信号: 1200/1699
  信号: 800/1699
  信号: 500/1699
  信号: 500/1699
  信号: 1300/1699
  信号: 900/1699
  信号: 600/1699
  信号: 600/1699
  信号: 1400/1699
  信号: 1000/1699
  信号: 700/1699
  信号: 1500/1699
  信号: 700/1699
  信号: 1100/1699
  信号: 800/1699
  信号: 1600/1699
  信号: 800/1699
  信号: 1200/1699
  信号: 900/1699
信号缓存完成: 1699 只
信号缓存: 1699 只可投, 已缓存 0, 需计算 1699
  信号: 900/1699
  信号: 1300/1699
  信号: 1000/1699
  信号: 100/1699
  信号: 1000/1699
  信号: 1400/1699
  信号: 1100/1699
  信号: 200/1699
  信号: 1100/1699
  信号: 1500/1699
  信号: 1200/1699
  信号: 300/1699
  信号: 1200/1699
  信号: 1600/1699
  信号: 1300/1699
  信号: 400/1699
  信号: 1300/1699
信号缓存完成: 1699 只
信号缓存: 1699 只可投, 已缓存 0, 需计算 1699
  信号: 1400/1699
  信号: 500/1699
  信号: 1400/1699
  信号: 100/1699
  信号: 1500/1699
  信号: 600/1699
  信号: 1500/1699
  信号: 200/1699
  信号: 1600/1699
  信号: 700/1699
  信号: 300/1699
  信号: 1600/1699
  信号: 800/1699
信号缓存完成: 1699 只
信号缓存: 1699 只可投, 已缓存 0, 需计算 1699
  信号: 400/1699
信号缓存完成: 1699 只
信号缓存: 1699 只可投, 已缓存 0, 需计算 1699
  信号: 100/1699
  信号: 900/1699
  信号: 500/1699
  信号: 100/1699
  信号: 200/1699
  信号: 1000/1699
  信号: 600/1699
  信号: 200/1699
  信号: 300/1699
  信号: 1100/1699
  信号: 700/1699
  信号: 300/1699
  信号: 400/1699
  信号: 1200/1699
  信号: 800/1699
  信号: 400/1699
  信号: 500/1699
  信号: 1300/1699
  信号: 900/1699
  信号: 500/1699
  信号: 600/1699
  信号: 1400/1699
  信号: 1000/1699
  信号: 600/1699
  信号: 700/1699
  信号: 1100/1699
  信号: 1500/1699
  信号: 700/1699
  信号: 800/1699
  信号: 1200/1699
  信号: 1600/1699
  信号: 800/1699
  信号: 900/1699
  信号: 1300/1699
信号缓存完成: 1699 只
信号缓存: 1699 只可投, 已缓存 0, 需计算 1699
  信号: 900/1699
  信号: 1000/1699
  信号: 1400/1699
  信号: 100/1699
  信号: 1000/1699
  信号: 1500/1699
  信号: 1100/1699
  信号: 200/1699
  信号: 1100/1699
  信号: 1600/1699
  信号: 1200/1699
  信号: 300/1699
  信号: 1200/1699
信号缓存完成: 1699 只
信号缓存: 1699 只可投, 已缓存 0, 需计算 1699
  信号: 1300/1699
  信号: 400/1699
  信号: 1300/1699
  信号: 100/1699
  信号: 1400/1699
  信号: 500/1699
  信号: 1400/1699
  信号: 200/1699
  信号: 600/1699
  信号: 1500/1699
  信号: 1500/1699
  信号: 300/1699
  信号: 700/1699
  信号: 1600/1699
  信号: 1600/1699
  信号: 800/1699
  信号: 400/1699
信号缓存完成: 1699 只
信号缓存: 1699 只可投, 已缓存 0, 需计算 1699
信号缓存完成: 1699 只
信号缓存: 1699 只可投, 已缓存 0, 需计算 1699
  信号: 900/1699
  信号: 500/1699
  信号: 100/1699
  信号: 100/1699
  信号: 1000/1699
  信号: 600/1699
  信号: 200/1699
  信号: 200/1699
  信号: 700/1699
  信号: 1100/1699
  信号: 300/1699
  信号: 300/1699
  信号: 800/1699
  信号: 1200/1699
  信号: 400/1699
  信号: 400/1699
  信号: 900/1699
  信号: 1300/1699
  信号: 500/1699
  信号: 500/1699
  信号: 1000/1699
  信号: 1400/1699
  信号: 600/1699
  信号: 600/1699
  信号: 1100/1699
  信号: 1500/1699
  信号: 700/1699
  信号: 700/1699
  信号: 1200/1699
  信号: 1600/1699
  信号: 800/1699
  信号: 800/1699
  信号: 1300/1699
信号缓存完成: 1699 只
  信号: 900/1699
  信号: 900/1699
  信号: 1400/1699
  信号: 1000/1699
  信号: 1000/1699
  信号: 1500/1699
  信号: 1100/1699
  信号: 1100/1699
  信号: 1600/1699
  信号: 1200/1699
  信号: 1200/1699
信号缓存完成: 1699 只
信号缓存: 1699 只可投, 已缓存 0, 需计算 1699
  信号: 1300/1699
  信号: 1300/1699
  信号: 100/1699
  信号: 1400/1699
  信号: 1400/1699
  信号: 200/1699
  信号: 1500/1699
  信号: 1500/1699
  信号: 300/1699
  信号: 1600/1699
  信号: 1600/1699
  信号: 400/1699
信号缓存完成: 1699 只
信号缓存: 1699 只可投, 已缓存 0, 需计算 1699
信号缓存完成: 1699 只
信号缓存: 1699 只可投, 已缓存 0, 需计算 1699
  信号: 500/1699
  信号: 100/1699
  信号: 100/1699
  信号: 600/1699
  信号: 200/1699
  信号: 200/1699
  信号: 700/1699
  信号: 300/1699
  信号: 300/1699
  信号: 800/1699
  信号: 400/1699
  信号: 400/1699
  信号: 900/1699
  信号: 500/1699
  信号: 500/1699
  信号: 1000/1699
  信号: 600/1699
  信号: 600/1699
  信号: 1100/1699
  信号: 700/1699
  信号: 700/1699
  信号: 1200/1699
  信号: 800/1699
  信号: 800/1699
  信号: 1300/1699
  信号: 900/1699
  信号: 900/1699
  信号: 1400/1699
  信号: 1000/1699
  信号: 1000/1699
  信号: 1500/1699
  信号: 1100/1699
  信号: 1100/1699
  信号: 1600/1699
  信号: 1200/1699
  信号: 1200/1699
信号缓存完成: 1699 只
信号缓存: 1699 只可投, 已缓存 0, 需计算 1699
  信号: 1300/1699
  信号: 1300/1699
  信号: 100/1699
  信号: 1400/1699
  信号: 1400/1699
  信号: 200/1699
  信号: 1500/1699
  信号: 1500/1699
  信号: 300/1699
  信号: 1600/1699
  信号: 1600/1699
  信号: 400/1699
信号缓存完成: 1699 只
  信号: 500/1699
信号缓存完成: 1699 只
信号缓存: 1699 只可投, 已缓存 0, 需计算 1699
  信号: 600/1699
  信号: 100/1699
  信号: 700/1699
  信号: 200/1699
  信号: 800/1699
  信号: 300/1699
  信号: 900/1699
  信号: 400/1699
  信号: 500/1699
  信号: 1000/1699
  信号: 600/1699
  信号: 1100/1699
  信号: 700/1699
  信号: 1200/1699
  信号: 1300/1699
  信号: 800/1699
  信号: 1400/1699
  信号: 900/1699
  信号: 1000/1699
  信号: 1500/1699
  信号: 1100/1699
  信号: 1600/1699
  信号: 1200/1699
信号缓存完成: 1699 只
信号缓存: 1698 只可投, 已缓存 0, 需计算 1698
  信号: 1300/1699
  信号: 100/1698
  信号: 1400/1699
  信号: 200/1698
  信号: 300/1698
  信号: 1500/1699
  信号: 400/1698
  信号: 1600/1699
  信号: 500/1698
信号缓存完成: 1699 只
信号缓存: 1696 只可投, 已缓存 0, 需计算 1696
  信号: 100/1696
  信号: 600/1698
  信号: 200/1696
  信号: 700/1698
  信号: 300/1696
  信号: 800/1698
  信号: 900/1698
  信号: 400/1696
  信号: 1000/1698
  信号: 500/1696
  信号: 1100/1698
  信号: 600/1696
  信号: 1200/1698
  信号: 700/1696
  信号: 1300/1698
  信号: 800/1696
  信号: 1400/1698
  信号: 900/1696
  信号: 1500/1698
  信号: 1000/1696
  信号: 1600/1698
  信号: 1100/1696
信号缓存完成: 1698 只
信号缓存: 1694 只可投, 已缓存 0, 需计算 1694
  信号: 1200/1696
  信号: 100/1694
  信号: 1300/1696
  信号: 200/1694
  信号: 1400/1696
  信号: 300/1694
  信号: 1500/1696
  信号: 400/1694
  信号: 1600/1696
  信号: 500/1694
信号缓存完成: 1696 只
  信号: 600/1694
  信号: 700/1694
  信号: 800/1694
  信号: 900/1694
  信号: 1000/1694
  信号: 1100/1694
  信号: 1200/1694
  信号: 1300/1694
  信号: 1400/1694
  信号: 1500/1694
  信号: 1600/1694
信号缓存完成: 1694 只
  2026-03-02: 20 只 (17s)
  2026-03-03: 1699 只 (1473s)
  2026-03-04: 1699 只 (1488s)
  2026-03-05: 640 只 (571s)
  2026-03-06: 1699 只 (1502s)
  2026-03-09: 1699 只 (1523s)
  2026-03-10: 663 只 (594s)
  2026-03-11: 1699 只 (1521s)
  2026-03-12: 1699 只 (1541s)
  2026-03-13: 156 只 (141s)
  2026-03-16: 1699 只 (1471s)
  2026-03-17: 1699 只 (1514s)
  2026-03-18: 628 只 (554s)
  2026-03-19: 1699 只 (1512s)
  2026-03-20: 1699 只 (1517s)
  2026-03-23: 652 只 (571s)
  2026-03-24: 1699 只 (1489s)
  2026-03-25: 1699 只 (1513s)
  2026-03-26: 635 只 (560s)
  2026-03-27: 1699 只 (1498s)
  2026-03-30: 1699 只 (1526s)
  2026-03-31: 672 只 (588s)
  2026-04-01: 1699 只 (1483s)
  2026-04-02: 1699 只 (1502s)
  2026-04-03: 1699 只 (1515s)
  2026-04-07: 1699 只 (1500s)
  2026-04-08: 1699 只 (1496s)
  2026-04-09: 1699 只 (1502s)
  2026-04-10: 1699 只 (1518s)
  2026-04-13: 1699 只 (1501s)
  2026-04-14: 1699 只 (1494s)
  2026-04-15: 1699 只 (1554s)
  2026-04-16: 1699 只 (1527s)
  2026-04-17: 1699 只 (1510s)
  2026-04-20: 1699 只 (1513s)
  2026-04-21: 1699 只 (1506s)
  2026-04-22: 1699 只 (1484s)
  2026-04-23: 1699 只 (1475s)
  2026-04-24: 1699 只 (1496s)
  2026-04-27: 1699 只 (1492s)
  2026-04-28: 1699 只 (1534s)
  2026-04-29: 1699 只 (1510s)
  2026-04-30: 1699 只 (1485s)
  2026-05-04: 1699 只 (1492s)
  2026-05-05: 1699 只 (1510s)
  2026-05-06: 1699 只 (1495s)
  2026-05-07: 1699 只 (1521s)
  2026-05-08: 1699 只 (1498s)
  2026-05-11: 1699 只 (1494s)
  2026-05-12: 1699 只 (1494s)
  2026-05-13: 1699 只 (1522s)
  2026-05-14: 1699 只 (1456s)
  2026-05-15: 1699 只 (1481s)
  2026-05-18: 1699 只 (1518s)
  2026-05-19: 1699 只 (1513s)
  2026-05-20: 1699 只 (1493s)
  2026-05-21: 1699 只 (1473s)
  2026-05-22: 1699 只 (1491s)
  2026-05-25: 1699 只 (1530s)
  2026-05-26: 1699 只 (1487s)
  2026-05-27: 1699 只 (1506s)
  2026-05-28: 1699 只 (1562s)
  2026-05-29: 1699 只 (1548s)
  2026-06-01: 1699 只 (1546s)
  2026-06-02: 1696 只 (1531s)
  2026-06-03: 1699 只 (1516s)
  2026-06-04: 1699 只 (1507s)
  2026-06-05: 1699 只 (1545s)
  2026-06-08: 1698 只 (1520s)
  2026-06-09: 1694 只 (1529s)
  2026-06-10: 1699 只 (1521s)
  2026-06-11: 1699 只 (1510s)

完成: 72/72 天, 112793 条
数据在 stock_signals_history 集合
